******************************************************************************
                  TI ARM Linker Unix v20.2.7                   
******************************************************************************
>> Linked Mon Feb 27 12:57:42 2023

OUTPUT FILE NAME:   <Lab06_GPIO.out>
ENTRY POINT SYMBOL: "_c_int00_noargs"  address: 00000ab5


MEMORY CONFIGURATION

         name            origin    length      used     unused   attr    fill
----------------------  --------  ---------  --------  --------  ----  --------
  MAIN                  00000000   00040000  00000d50  0003f2b0  R  X
  INFO                  00200000   00004000  00000000  00004000  R  X
  SRAM_CODE             01000000   00010000  00000224  0000fddc  RW X
  SRAM_DATA             20000000   00010000  00000224  0000fddc  RW  


SEGMENT ALLOCATION MAP

run origin  load origin   length   init length attrs members
----------  ----------- ---------- ----------- ----- -------
00000000    00000000    00000d50   00000d50    r-x
  00000000    00000000    000000e4   000000e4    r-- .intvecs
  000000e4    000000e4    00000a84   00000a84    r-x .text
  00000b68    00000b68    000001b0   000001b0    r-- .const
  00000d18    00000d18    00000038   00000038    r-- .cinit
20000000    20000000    00000027   00000000    rw-
  20000000    20000000    0000001d   00000000    rw- .data
  20000020    20000020    00000007   00000000    rw- .bss
2000fe00    2000fe00    00000200   00000000    rw-
  2000fe00    2000fe00    00000200   00000000    rw- .stack


SECTION ALLOCATION MAP

 output                                  attributes/
section   page    origin      length       input sections
--------  ----  ----------  ----------   ----------------
.intvecs   0    00000000    000000e4     
                  00000000    000000e4     startup_msp432p401r_ccs.obj (.intvecs:retain)

.text      0    000000e4    00000a84     
                  000000e4    0000023c     motorControl.obj (.text)
                  00000320    000001e4     system_msp432p401r.obj (.text)
                  00000504    0000016c     Reflectance.obj (.text)
                  00000670    0000013c     Clock.obj (.text)
                  000007ac    00000124     main.obj (.text)
                  000008d0    0000009c     LaunchPad.obj (.text)
                  0000096c    0000009c     rtsv7M4_T_le_v4SPD16_eabi.lib : memcpy_t2.asm.obj (.text)
                  00000a08    00000068                                   : copy_decompress_lzss.c.obj (.text:decompress:lzss:__TI_decompress_lzss)
                  00000a70    00000044                                   : autoinit.c.obj (.text:__TI_auto_init_nobinit_nopinit:__TI_auto_init_nobinit_nopinit)
                  00000ab4    00000034                                   : boot_cortex_m.c.obj (.text:_c_int00_noargs:_c_int00_noargs)
                  00000ae8    00000024     CortexM.obj (.text)
                  00000b0c    0000001c     SysTickInts.obj (.text)
                  00000b28    0000001c     rtsv7M4_T_le_v4SPD16_eabi.lib : copy_zero_init.c.obj (.text:decompress:ZI:__TI_zero_init_nomemset:__TI_zero_init_nomemset)
                  00000b44    0000000e                                   : copy_decompress_none.c.obj (.text:decompress:none:__TI_decompress_none)
                  00000b52    0000000e     startup_msp432p401r_ccs.obj (.text)
                  00000b60    00000004     rtsv7M4_T_le_v4SPD16_eabi.lib : pre_init.c.obj (.text:_system_pre_init)
                  00000b64    00000004                                   : exit.c.obj (.text:abort:abort)

.const     0    00000b68    000001b0     
                  00000b68    00000190     main.obj (.const:$P$T0$2)
                  00000cf8    00000020     Reflectance.obj (.const:w)

.cinit     0    00000d18    00000038     
                  00000d18    0000000d     (.cinit..data.load) [load image, compression = lzss]
                  00000d25    00000003     --HOLE-- [fill = 0]
                  00000d28    0000000c     (__TI_handler_table)
                  00000d34    00000004     --HOLE-- [fill = 0]
                  00000d38    00000008     (.cinit..bss.load) [load image, compression = zero_init]
                  00000d40    00000010     (__TI_cinit_table)

.init_array 
*          0    00000000    00000000     UNINITIALIZED

.binit     0    00000000    00000000     

.data      0    20000000    0000001d     UNINITIALIZED
                  20000000    00000018     Clock.obj (.data)
                  20000018    00000004     system_msp432p401r.obj (.data)
                  2000001c    00000001     main.obj (.data)

.bss       0    20000020    00000007     UNINITIALIZED
                  20000020    00000004     (.common:Spt)
                  20000024    00000001     (.common:Input)
                  20000025    00000001     (.common:Output)
                  20000026    00000001     (.common:refl_data)

.stack     0    2000fe00    00000200     UNINITIALIZED
                  2000fe00    00000004     rtsv7M4_T_le_v4SPD16_eabi.lib : boot_cortex_m.c.obj (.stack)
                  2000fe04    000001fc     --HOLE--

__llvm_prf_cnts 
*          0    20000000    00000000     UNINITIALIZED

MODULE SUMMARY

       Module                        code   ro data   rw data
       ------                        ----   -------   -------
    ./
       main.obj                      292    400       16     
       motorControl.obj              572    0         0      
       system_msp432p401r.obj        484    0         8      
       Reflectance.obj               364    32        0      
       Clock.obj                     316    0         48     
       startup_msp432p401r_ccs.obj   14     228       0      
       LaunchPad.obj                 156    0         0      
       CortexM.obj                   36     0         0      
       SysTickInts.obj               28     0         0      
    +--+-----------------------------+------+---------+---------+
       Total:                        2262   660       72     
                                                             
    /home/juin/ti/ccs1210/ccs/tools/compiler/ti-cgt-arm_20.2.7.LTS/lib/rtsv7M4_T_le_v4SPD16_eabi.lib
       memcpy_t2.asm.obj             156    0         0      
       copy_decompress_lzss.c.obj    104    0         0      
       autoinit.c.obj                68     0         0      
       boot_cortex_m.c.obj           52     0         0      
       copy_zero_init.c.obj          28     0         0      
       copy_decompress_none.c.obj    14     0         0      
       exit.c.obj                    4      0         0      
       pre_init.c.obj                4      0         0      
    +--+-----------------------------+------+---------+---------+
       Total:                        430    0         0      
                                                             
       Stack:                        0      0         1024   
       Linker Generated:             0      49        0      
    +--+-----------------------------+------+---------+---------+
       Grand Total:                  2692   709       1096   


LINKER GENERATED COPY TABLES

__TI_cinit_table @ 00000d40 records: 2, size/record: 8, table size: 16
	.data: load addr=00000d18, load size=0000000d bytes, run addr=20000000, run size=0000001d bytes, compression=lzss
	.bss: load addr=00000d38, load size=00000008 bytes, run addr=20000020, run size=00000007 bytes, compression=zero_init


LINKER GENERATED HANDLER TABLE

__TI_handler_table @ 00000d28 records: 3, size/record: 4, table size: 12
	index: 0, handler: __TI_decompress_lzss
	index: 1, handler: __TI_decompress_none
	index: 2, handler: __TI_zero_init


GLOBAL SYMBOLS: SORTED ALPHABETICALLY BY Name 

address   name                          
-------   ----                          
00000b5f  ADC14_IRQHandler              
00000b5f  AES256_IRQHandler             
00000b5f  BusFault_Handler              
00000b65  C$$EXIT                       
00000b5f  COMP_E0_IRQHandler            
00000b5f  COMP_E1_IRQHandler            
20000008  CPMwait                       
00000b5f  CS_IRQHandler                 
20000000  ClockFrequency                
00000763  Clock_Delay1ms                
00000761  Clock_Delay1us                
0000075b  Clock_GetFreq                 
00000677  Clock_Init48MHz               
20000014  Crystalstable                 
00000b5f  DMA_ERR_IRQHandler            
00000b5f  DMA_INT0_IRQHandler           
00000b5f  DMA_INT1_IRQHandler           
00000b5f  DMA_INT2_IRQHandler           
00000b5f  DMA_INT3_IRQHandler           
00000b5f  DebugMon_Handler              
00000b5f  Default_Handler               
00000b07  DisableInterrupts             
00000b5f  EUSCIA0_IRQHandler            
00000b5f  EUSCIA1_IRQHandler            
00000b5f  EUSCIA2_IRQHandler            
00000b5f  EUSCIA3_IRQHandler            
00000b5f  EUSCIB0_IRQHandler            
00000b5f  EUSCIB1_IRQHandler            
00000b5f  EUSCIB2_IRQHandler            
00000b5f  EUSCIB3_IRQHandler            
00000b01  EnableInterrupts              
00000af9  EndCritical                   
00000b5f  FLCTL_IRQHandler              
00000b5f  FPU_IRQHandler                
00000b5f  HardFault_Handler             
20000010  IFlags                        
20000024  Input                         
0000090b  LaunchPad_Init                
000008ed  LaunchPad_Input               
000008df  LaunchPad_LED                 
000008d1  LaunchPad_Output              
00000b5f  MemManage_Handler             
000002c9  Motor_BackwardSimple          
0000027f  Motor_ForwardSimple           
000001db  Motor_InitSimple              
00000187  Motor_LeftSimple              
00000133  Motor_RightSimple             
0000011b  Motor_StopSimple              
00000b5f  NMI_Handler                   
20000025  Output                        
00000b5f  PCM_IRQHandler                
00000b5f  PORT1_IRQHandler              
00000b5f  PORT2_IRQHandler              
00000b5f  PORT3_IRQHandler              
00000b5f  PORT4_IRQHandler              
00000b5f  PORT5_IRQHandler              
00000b5f  PORT6_IRQHandler              
00000b5f  PSS_IRQHandler                
00000b5f  PendSV_Handler                
2000000c  Postwait                      
20000004  Prewait                       
00000b5f  RTC_C_IRQHandler              
00000647  Reflectance_End               
000005df  Reflectance_Init              
0000058d  Reflectance_Position          
00000533  Reflectance_Read              
00000505  Reflectance_Start             
00000b53  Reset_Handler                 
00000b5f  SVC_Handler                   
20000020  Spt                           
00000aef  StartCritical                 
00000865  SysTick_Handler               
00000865  SysTick_Handler               
00000b0d  SysTick_Init                  
20000018  SystemCoreClock               
00000377  SystemCoreClockUpdate         
00000321  SystemInit                    
00000b5f  T32_INT1_IRQHandler           
00000b5f  T32_INT2_IRQHandler           
00000b5f  T32_INTC_IRQHandler           
00000b5f  TA0_0_IRQHandler              
00000b5f  TA0_N_IRQHandler              
00000b5f  TA1_0_IRQHandler              
00000b5f  TA1_N_IRQHandler              
00000b5f  TA2_0_IRQHandler              
00000b5f  TA2_N_IRQHandler              
00000b5f  TA3_0_IRQHandler              
00000b5f  TA3_N_IRQHandler              
00000b5f  UsageFault_Handler            
4000480c  WDTCTL_SYM                    
00000b5f  WDT_A_IRQHandler              
00000ae9  WaitForInterrupt              
20010000  __STACK_END                   
00000200  __STACK_SIZE                  
00000d40  __TI_CINIT_Base               
00000d50  __TI_CINIT_Limit              
00000d28  __TI_Handler_Table_Base       
00000d34  __TI_Handler_Table_Limit      
00000a71  __TI_auto_init_nobinit_nopinit
00000a09  __TI_decompress_lzss          
00000b45  __TI_decompress_none          
ffffffff  __TI_pprof_out_hndl           
ffffffff  __TI_prof_data_size           
ffffffff  __TI_prof_data_start          
00000000  __TI_static_base__            
00000b29  __TI_zero_init_nomemset       
0000096d  __aeabi_memcpy                
0000096d  __aeabi_memcpy4               
0000096d  __aeabi_memcpy8               
ffffffff  __binit__                     
ffffffff  __c_args__                    
UNDEFED   __mpu_init                    
2000fe00  __stack                       
20000000  __start___llvm_prf_cnts       
20000000  __stop___llvm_prf_cnts        
00000ab5  _c_int00_noargs               
UNDEFED   _system_post_cinit            
00000b61  _system_pre_init              
00000b65  abort                         
ffffffff  binit                         
00000807  bubbleSort                    
00000671  delay                         
00000000  interruptVectors              
00000843  main                          
0000096d  memcpy                        
000007ad  motorState                    
20000026  refl_data                     
000000e5  testPeriod                    
00000cf8  w                             


GLOBAL SYMBOLS: SORTED BY Symbol Address 

address   name                          
-------   ----                          
00000000  __TI_static_base__            
00000000  interruptVectors              
000000e5  testPeriod                    
0000011b  Motor_StopSimple              
00000133  Motor_RightSimple             
00000187  Motor_LeftSimple              
000001db  Motor_InitSimple              
00000200  __STACK_SIZE                  
0000027f  Motor_ForwardSimple           
000002c9  Motor_BackwardSimple          
00000321  SystemInit                    
00000377  SystemCoreClockUpdate         
00000505  Reflectance_Start             
00000533  Reflectance_Read              
0000058d  Reflectance_Position          
000005df  Reflectance_Init              
00000647  Reflectance_End               
00000671  delay                         
00000677  Clock_Init48MHz               
0000075b  Clock_GetFreq                 
00000761  Clock_Delay1us                
00000763  Clock_Delay1ms                
000007ad  motorState                    
00000807  bubbleSort                    
00000843  main                          
00000865  SysTick_Handler               
00000865  SysTick_Handler               
000008d1  LaunchPad_Output              
000008df  LaunchPad_LED                 
000008ed  LaunchPad_Input               
0000090b  LaunchPad_Init                
0000096d  __aeabi_memcpy                
0000096d  __aeabi_memcpy4               
0000096d  __aeabi_memcpy8               
0000096d  memcpy                        
00000a09  __TI_decompress_lzss          
00000a71  __TI_auto_init_nobinit_nopinit
00000ab5  _c_int00_noargs               
00000ae9  WaitForInterrupt              
00000aef  StartCritical                 
00000af9  EndCritical                   
00000b01  EnableInterrupts              
00000b07  DisableInterrupts             
00000b0d  SysTick_Init                  
00000b29  __TI_zero_init_nomemset       
00000b45  __TI_decompress_none          
00000b53  Reset_Handler                 
00000b5f  ADC14_IRQHandler              
00000b5f  AES256_IRQHandler             
00000b5f  BusFault_Handler              
00000b5f  COMP_E0_IRQHandler            
00000b5f  COMP_E1_IRQHandler            
00000b5f  CS_IRQHandler                 
00000b5f  DMA_ERR_IRQHandler            
00000b5f  DMA_INT0_IRQHandler           
00000b5f  DMA_INT1_IRQHandler           
00000b5f  DMA_INT2_IRQHandler           
00000b5f  DMA_INT3_IRQHandler           
00000b5f  DebugMon_Handler              
00000b5f  Default_Handler               
00000b5f  EUSCIA0_IRQHandler            
00000b5f  EUSCIA1_IRQHandler            
00000b5f  EUSCIA2_IRQHandler            
00000b5f  EUSCIA3_IRQHandler            
00000b5f  EUSCIB0_IRQHandler            
00000b5f  EUSCIB1_IRQHandler            
00000b5f  EUSCIB2_IRQHandler            
00000b5f  EUSCIB3_IRQHandler            
00000b5f  FLCTL_IRQHandler              
00000b5f  FPU_IRQHandler                
00000b5f  HardFault_Handler             
00000b5f  MemManage_Handler             
00000b5f  NMI_Handler                   
00000b5f  PCM_IRQHandler                
00000b5f  PORT1_IRQHandler              
00000b5f  PORT2_IRQHandler              
00000b5f  PORT3_IRQHandler              
00000b5f  PORT4_IRQHandler              
00000b5f  PORT5_IRQHandler              
00000b5f  PORT6_IRQHandler              
00000b5f  PSS_IRQHandler                
00000b5f  PendSV_Handler                
00000b5f  RTC_C_IRQHandler              
00000b5f  SVC_Handler                   
00000b5f  T32_INT1_IRQHandler           
00000b5f  T32_INT2_IRQHandler           
00000b5f  T32_INTC_IRQHandler           
00000b5f  TA0_0_IRQHandler              
00000b5f  TA0_N_IRQHandler              
00000b5f  TA1_0_IRQHandler              
00000b5f  TA1_N_IRQHandler              
00000b5f  TA2_0_IRQHandler              
00000b5f  TA2_N_IRQHandler              
00000b5f  TA3_0_IRQHandler              
00000b5f  TA3_N_IRQHandler              
00000b5f  UsageFault_Handler            
00000b5f  WDT_A_IRQHandler              
00000b61  _system_pre_init              
00000b65  C$$EXIT                       
00000b65  abort                         
00000cf8  w                             
00000d28  __TI_Handler_Table_Base       
00000d34  __TI_Handler_Table_Limit      
00000d40  __TI_CINIT_Base               
00000d50  __TI_CINIT_Limit              
20000000  ClockFrequency                
20000000  __start___llvm_prf_cnts       
20000000  __stop___llvm_prf_cnts        
20000004  Prewait                       
20000008  CPMwait                       
2000000c  Postwait                      
20000010  IFlags                        
20000014  Crystalstable                 
20000018  SystemCoreClock               
20000020  Spt                           
20000024  Input                         
20000025  Output                        
20000026  refl_data                     
2000fe00  __stack                       
20010000  __STACK_END                   
4000480c  WDTCTL_SYM                    
ffffffff  __TI_pprof_out_hndl           
ffffffff  __TI_prof_data_size           
ffffffff  __TI_prof_data_start          
ffffffff  __binit__                     
ffffffff  __c_args__                    
ffffffff  binit                         
UNDEFED   __mpu_init                    
UNDEFED   _system_post_cinit            

[129 symbols]
