******************************************************************************
                  TI ARM Linker Unix v20.2.7                   
******************************************************************************
>> Linked Tue Feb 28 11:42:17 2023

OUTPUT FILE NAME:   <Lab06_GPIO.out>
ENTRY POINT SYMBOL: "_c_int00_noargs"  address: 000009b5


MEMORY CONFIGURATION

         name            origin    length      used     unused   attr    fill
----------------------  --------  ---------  --------  --------  ----  --------
  MAIN                  00000000   00040000  00000b38  0003f4c8  R  X
  INFO                  00200000   00004000  00000000  00004000  R  X
  SRAM_CODE             01000000   00010000  00000224  0000fddc  RW X
  SRAM_DATA             20000000   00010000  00000224  0000fddc  RW  


SEGMENT ALLOCATION MAP

run origin  load origin   length   init length attrs members
----------  ----------- ---------- ----------- ----- -------
00000000    00000000    00000b38   00000b38    r-x
  00000000    00000000    000000e4   000000e4    r-- .intvecs
  000000e4    000000e4    00000984   00000984    r-x .text
  00000a68    00000a68    00000098   00000098    r-- .const
  00000b00    00000b00    00000038   00000038    r-- .cinit
20000000    20000000    00000027   00000000    rw-
  20000000    20000000    0000001d   00000000    rw- .data
  20000020    20000020    00000007   00000000    rw- .bss
2000fe00    2000fe00    00000200   00000000    rw-
  2000fe00    2000fe00    00000200   00000000    rw- .stack


SECTION ALLOCATION MAP

 output                                  attributes/
section   page    origin      length       input sections
--------  ----  ----------  ----------   ----------------
.intvecs   0    00000000    000000e4     
                  00000000    000000e4     startup_msp432p401r_ccs.obj (.intvecs:retain)

.text      0    000000e4    00000984     
                  000000e4    000001e4     system_msp432p401r.obj (.text)
                  000002c8    00000164     Reflectance.obj (.text)
                  0000042c    0000013c     Clock.obj (.text)
                  00000568    00000138     motorControl.obj (.text)
                  000006a0    000000d4     main.obj (.text)
                  00000774    0000009c     LaunchPad.obj (.text)
                  00000810    0000009c     rtsv7M4_T_le_v4SPD16_eabi.lib : memcpy_t2.asm.obj (.text)
                  000008ac    00000068                                   : copy_decompress_lzss.c.obj (.text:decompress:lzss:__TI_decompress_lzss)
                  00000914    0000005c     PWM.obj (.text)
                  00000970    00000044     rtsv7M4_T_le_v4SPD16_eabi.lib : autoinit.c.obj (.text:__TI_auto_init_nobinit_nopinit:__TI_auto_init_nobinit_nopinit)
                  000009b4    00000034                                   : boot_cortex_m.c.obj (.text:_c_int00_noargs:_c_int00_noargs)
                  000009e8    00000024     CortexM.obj (.text)
                  00000a0c    0000001c     SysTickInts.obj (.text)
                  00000a28    0000001c     rtsv7M4_T_le_v4SPD16_eabi.lib : copy_zero_init.c.obj (.text:decompress:ZI:__TI_zero_init_nomemset:__TI_zero_init_nomemset)
                  00000a44    0000000e                                   : copy_decompress_none.c.obj (.text:decompress:none:__TI_decompress_none)
                  00000a52    0000000e     startup_msp432p401r_ccs.obj (.text)
                  00000a60    00000004     rtsv7M4_T_le_v4SPD16_eabi.lib : pre_init.c.obj (.text:_system_pre_init)
                  00000a64    00000004                                   : exit.c.obj (.text:abort:abort)

.const     0    00000a68    00000098     
                  00000a68    00000078     main.obj (.const:fsm)
                  00000ae0    00000020     Reflectance.obj (.const:w)

.cinit     0    00000b00    00000038     
                  00000b00    0000000d     (.cinit..data.load) [load image, compression = lzss]
                  00000b0d    00000003     --HOLE-- [fill = 0]
                  00000b10    0000000c     (__TI_handler_table)
                  00000b1c    00000004     --HOLE-- [fill = 0]
                  00000b20    00000008     (.cinit..bss.load) [load image, compression = zero_init]
                  00000b28    00000010     (__TI_cinit_table)

.init_array 
*          0    00000000    00000000     UNINITIALIZED

.binit     0    00000000    00000000     

.data      0    20000000    0000001d     UNINITIALIZED
                  20000000    00000018     Clock.obj (.data)
                  20000018    00000004     system_msp432p401r.obj (.data)
                  2000001c    00000001     main.obj (.data)

.bss       0    20000020    00000007     UNINITIALIZED
                  20000020    00000004     (.common:Spt)
                  20000024    00000001     (.common:Input)
                  20000025    00000001     (.common:Output)
                  20000026    00000001     (.common:refl_data)

.stack     0    2000fe00    00000200     UNINITIALIZED
                  2000fe00    00000004     rtsv7M4_T_le_v4SPD16_eabi.lib : boot_cortex_m.c.obj (.stack)
                  2000fe04    000001fc     --HOLE--

__llvm_prf_cnts 
*          0    20000000    00000000     UNINITIALIZED

MODULE SUMMARY

       Module                        code   ro data   rw data
       ------                        ----   -------   -------
    ./
       system_msp432p401r.obj        484    0         8      
       Reflectance.obj               356    32        0      
       Clock.obj                     316    0         48     
       main.obj                      212    120       16     
       motorControl.obj              312    0         0      
       startup_msp432p401r_ccs.obj   14     228       0      
       LaunchPad.obj                 156    0         0      
       PWM.obj                       92     0         0      
       CortexM.obj                   36     0         0      
       SysTickInts.obj               28     0         0      
    +--+-----------------------------+------+---------+---------+
       Total:                        2006   380       72     
                                                             
    /home/juin/ti/ccs1210/ccs/tools/compiler/ti-cgt-arm_20.2.7.LTS/lib/rtsv7M4_T_le_v4SPD16_eabi.lib
       memcpy_t2.asm.obj             156    0         0      
       copy_decompress_lzss.c.obj    104    0         0      
       autoinit.c.obj                68     0         0      
       boot_cortex_m.c.obj           52     0         0      
       copy_zero_init.c.obj          28     0         0      
       copy_decompress_none.c.obj    14     0         0      
       exit.c.obj                    4      0         0      
       pre_init.c.obj                4      0         0      
    +--+-----------------------------+------+---------+---------+
       Total:                        430    0         0      
                                                             
       Stack:                        0      0         1024   
       Linker Generated:             0      49        0      
    +--+-----------------------------+------+---------+---------+
       Grand Total:                  2436   429       1096   


LINKER GENERATED COPY TABLES

__TI_cinit_table @ 00000b28 records: 2, size/record: 8, table size: 16
	.data: load addr=00000b00, load size=0000000d bytes, run addr=20000000, run size=0000001d bytes, compression=lzss
	.bss: load addr=00000b20, load size=00000008 bytes, run addr=20000020, run size=00000007 bytes, compression=zero_init


LINKER GENERATED HANDLER TABLE

__TI_handler_table @ 00000b10 records: 3, size/record: 4, table size: 12
	index: 0, handler: __TI_decompress_lzss
	index: 1, handler: __TI_decompress_none
	index: 2, handler: __TI_zero_init


GLOBAL SYMBOLS: SORTED ALPHABETICALLY BY Name 

address   name                          
-------   ----                          
00000a5f  ADC14_IRQHandler              
00000a5f  AES256_IRQHandler             
00000a5f  BusFault_Handler              
00000a65  C$$EXIT                       
00000a5f  COMP_E0_IRQHandler            
00000a5f  COMP_E1_IRQHandler            
20000008  CPMwait                       
00000a5f  CS_IRQHandler                 
20000000  ClockFrequency                
0000051f  Clock_Delay1ms                
0000051d  Clock_Delay1us                
00000517  Clock_GetFreq                 
00000433  Clock_Init48MHz               
20000014  Crystalstable                 
00000a5f  DMA_ERR_IRQHandler            
00000a5f  DMA_INT0_IRQHandler           
00000a5f  DMA_INT1_IRQHandler           
00000a5f  DMA_INT2_IRQHandler           
00000a5f  DMA_INT3_IRQHandler           
00000a5f  DebugMon_Handler              
00000a5f  Default_Handler               
00000a07  DisableInterrupts             
00000a5f  EUSCIA0_IRQHandler            
00000a5f  EUSCIA1_IRQHandler            
00000a5f  EUSCIA2_IRQHandler            
00000a5f  EUSCIA3_IRQHandler            
00000a5f  EUSCIB0_IRQHandler            
00000a5f  EUSCIB1_IRQHandler            
00000a5f  EUSCIB2_IRQHandler            
00000a5f  EUSCIB3_IRQHandler            
00000a01  EnableInterrupts              
000009f9  EndCritical                   
00000a5f  FLCTL_IRQHandler              
00000a5f  FPU_IRQHandler                
00000a5f  HardFault_Handler             
20000010  IFlags                        
20000024  Input                         
000007af  LaunchPad_Init                
00000791  LaunchPad_Input               
00000783  LaunchPad_LED                 
00000775  LaunchPad_Output              
00000a5f  MemManage_Handler             
0000066b  Motor_Forward                 
000005dd  Motor_Init                    
000005af  Motor_Left                    
00000581  Motor_Right                   
00000569  Motor_Stop                    
00000a5f  NMI_Handler                   
20000025  Output                        
00000a5f  PCM_IRQHandler                
00000a5f  PORT1_IRQHandler              
00000a5f  PORT2_IRQHandler              
00000a5f  PORT3_IRQHandler              
00000a5f  PORT4_IRQHandler              
00000a5f  PORT5_IRQHandler              
00000a5f  PORT6_IRQHandler              
00000a5f  PSS_IRQHandler                
0000095f  PWM_Duty1                     
00000959  PWM_Duty2                     
00000915  PWM_Init12                    
00000a5f  PendSV_Handler                
2000000c  Postwait                      
20000004  Prewait                       
00000a5f  RTC_C_IRQHandler              
00000407  Reflectance_End               
0000039f  Reflectance_Init              
00000351  Reflectance_Position          
000002f7  Reflectance_Read              
000002c9  Reflectance_Start             
00000a53  Reset_Handler                 
00000a5f  SVC_Handler                   
20000020  Spt                           
000009ef  StartCritical                 
00000709  SysTick_Handler               
00000709  SysTick_Handler               
00000a0d  SysTick_Init                  
20000018  SystemCoreClock               
0000013b  SystemCoreClockUpdate         
000000e5  SystemInit                    
00000a5f  T32_INT1_IRQHandler           
00000a5f  T32_INT2_IRQHandler           
00000a5f  T32_INTC_IRQHandler           
00000a5f  TA0_0_IRQHandler              
00000a5f  TA0_N_IRQHandler              
00000a5f  TA1_0_IRQHandler              
00000a5f  TA1_N_IRQHandler              
00000a5f  TA2_0_IRQHandler              
00000a5f  TA2_N_IRQHandler              
00000a5f  TA3_0_IRQHandler              
00000a5f  TA3_N_IRQHandler              
00000a5f  UsageFault_Handler            
4000480c  WDTCTL_SYM                    
00000a5f  WDT_A_IRQHandler              
000009e9  WaitForInterrupt              
20010000  __STACK_END                   
00000200  __STACK_SIZE                  
00000b28  __TI_CINIT_Base               
00000b38  __TI_CINIT_Limit              
00000b10  __TI_Handler_Table_Base       
00000b1c  __TI_Handler_Table_Limit      
00000971  __TI_auto_init_nobinit_nopinit
000008ad  __TI_decompress_lzss          
00000a45  __TI_decompress_none          
ffffffff  __TI_pprof_out_hndl           
ffffffff  __TI_prof_data_size           
ffffffff  __TI_prof_data_start          
00000000  __TI_static_base__            
00000a29  __TI_zero_init_nomemset       
00000811  __aeabi_memcpy                
00000811  __aeabi_memcpy4               
00000811  __aeabi_memcpy8               
ffffffff  __binit__                     
ffffffff  __c_args__                    
UNDEFED   __mpu_init                    
2000fe00  __stack                       
20000000  __start___llvm_prf_cnts       
20000000  __stop___llvm_prf_cnts        
000009b5  _c_int00_noargs               
UNDEFED   _system_post_cinit            
00000a61  _system_pre_init              
00000a65  abort                         
ffffffff  binit                         
0000042d  delay                         
00000a68  fsm                           
00000000  interruptVectors              
000006dd  main                          
00000811  memcpy                        
000006a1  motorState                    
20000026  refl_data                     
00000ae0  w                             


GLOBAL SYMBOLS: SORTED BY Symbol Address 

address   name                          
-------   ----                          
00000000  __TI_static_base__            
00000000  interruptVectors              
000000e5  SystemInit                    
0000013b  SystemCoreClockUpdate         
00000200  __STACK_SIZE                  
000002c9  Reflectance_Start             
000002f7  Reflectance_Read              
00000351  Reflectance_Position          
0000039f  Reflectance_Init              
00000407  Reflectance_End               
0000042d  delay                         
00000433  Clock_Init48MHz               
00000517  Clock_GetFreq                 
0000051d  Clock_Delay1us                
0000051f  Clock_Delay1ms                
00000569  Motor_Stop                    
00000581  Motor_Right                   
000005af  Motor_Left                    
000005dd  Motor_Init                    
0000066b  Motor_Forward                 
000006a1  motorState                    
000006dd  main                          
00000709  SysTick_Handler               
00000709  SysTick_Handler               
00000775  LaunchPad_Output              
00000783  LaunchPad_LED                 
00000791  LaunchPad_Input               
000007af  LaunchPad_Init                
00000811  __aeabi_memcpy                
00000811  __aeabi_memcpy4               
00000811  __aeabi_memcpy8               
00000811  memcpy                        
000008ad  __TI_decompress_lzss          
00000915  PWM_Init12                    
00000959  PWM_Duty2                     
0000095f  PWM_Duty1                     
00000971  __TI_auto_init_nobinit_nopinit
000009b5  _c_int00_noargs               
000009e9  WaitForInterrupt              
000009ef  StartCritical                 
000009f9  EndCritical                   
00000a01  EnableInterrupts              
00000a07  DisableInterrupts             
00000a0d  SysTick_Init                  
00000a29  __TI_zero_init_nomemset       
00000a45  __TI_decompress_none          
00000a53  Reset_Handler                 
00000a5f  ADC14_IRQHandler              
00000a5f  AES256_IRQHandler             
00000a5f  BusFault_Handler              
00000a5f  COMP_E0_IRQHandler            
00000a5f  COMP_E1_IRQHandler            
00000a5f  CS_IRQHandler                 
00000a5f  DMA_ERR_IRQHandler            
00000a5f  DMA_INT0_IRQHandler           
00000a5f  DMA_INT1_IRQHandler           
00000a5f  DMA_INT2_IRQHandler           
00000a5f  DMA_INT3_IRQHandler           
00000a5f  DebugMon_Handler              
00000a5f  Default_Handler               
00000a5f  EUSCIA0_IRQHandler            
00000a5f  EUSCIA1_IRQHandler            
00000a5f  EUSCIA2_IRQHandler            
00000a5f  EUSCIA3_IRQHandler            
00000a5f  EUSCIB0_IRQHandler            
00000a5f  EUSCIB1_IRQHandler            
00000a5f  EUSCIB2_IRQHandler            
00000a5f  EUSCIB3_IRQHandler            
00000a5f  FLCTL_IRQHandler              
00000a5f  FPU_IRQHandler                
00000a5f  HardFault_Handler             
00000a5f  MemManage_Handler             
00000a5f  NMI_Handler                   
00000a5f  PCM_IRQHandler                
00000a5f  PORT1_IRQHandler              
00000a5f  PORT2_IRQHandler              
00000a5f  PORT3_IRQHandler              
00000a5f  PORT4_IRQHandler              
00000a5f  PORT5_IRQHandler              
00000a5f  PORT6_IRQHandler              
00000a5f  PSS_IRQHandler                
00000a5f  PendSV_Handler                
00000a5f  RTC_C_IRQHandler              
00000a5f  SVC_Handler                   
00000a5f  T32_INT1_IRQHandler           
00000a5f  T32_INT2_IRQHandler           
00000a5f  T32_INTC_IRQHandler           
00000a5f  TA0_0_IRQHandler              
00000a5f  TA0_N_IRQHandler              
00000a5f  TA1_0_IRQHandler              
00000a5f  TA1_N_IRQHandler              
00000a5f  TA2_0_IRQHandler              
00000a5f  TA2_N_IRQHandler              
00000a5f  TA3_0_IRQHandler              
00000a5f  TA3_N_IRQHandler              
00000a5f  UsageFault_Handler            
00000a5f  WDT_A_IRQHandler              
00000a61  _system_pre_init              
00000a65  C$$EXIT                       
00000a65  abort                         
00000a68  fsm                           
00000ae0  w                             
00000b10  __TI_Handler_Table_Base       
00000b1c  __TI_Handler_Table_Limit      
00000b28  __TI_CINIT_Base               
00000b38  __TI_CINIT_Limit              
20000000  ClockFrequency                
20000000  __start___llvm_prf_cnts       
20000000  __stop___llvm_prf_cnts        
20000004  Prewait                       
20000008  CPMwait                       
2000000c  Postwait                      
20000010  IFlags                        
20000014  Crystalstable                 
20000018  SystemCoreClock               
20000020  Spt                           
20000024  Input                         
20000025  Output                        
20000026  refl_data                     
2000fe00  __stack                       
20010000  __STACK_END                   
4000480c  WDTCTL_SYM                    
ffffffff  __TI_pprof_out_hndl           
ffffffff  __TI_prof_data_size           
ffffffff  __TI_prof_data_start          
ffffffff  __binit__                     
ffffffff  __c_args__                    
ffffffff  binit                         
UNDEFED   __mpu_init                    
UNDEFED   _system_post_cinit            

[130 symbols]
