******************************************************************************
                  TI ARM Linker Unix v20.2.7                   
******************************************************************************
>> Linked Tue Feb 21 10:38:36 2023

OUTPUT FILE NAME:   <lineFollower_proto.out>
ENTRY POINT SYMBOL: "_c_int00_noargs"  address: 00000e51


MEMORY CONFIGURATION

         name            origin    length      used     unused   attr    fill
----------------------  --------  ---------  --------  --------  ----  --------
  MAIN                  00000000   00040000  00000f1c  0003f0e4  R  X
  INFO                  00200000   00004000  00000000  00004000  R  X
  SRAM_CODE             01000000   00010000  00000236  0000fdca  RW X
  SRAM_DATA             20000000   00010000  00000236  0000fdca  RW  


SEGMENT ALLOCATION MAP

run origin  load origin   length   init length attrs members
----------  ----------- ---------- ----------- ----- -------
00000000    00000000    00000f20   00000f20    r-x
  00000000    00000000    000000e4   000000e4    r-- .intvecs
  000000e4    000000e4    00000de0   00000de0    r-x .text
  00000ec4    00000ec4    00000020   00000020    r-- .const
  00000ee8    00000ee8    00000038   00000038    r-- .cinit
20000000    20000000    00000036   00000000    rw-
  20000000    20000000    00000028   00000000    rw- .data
  20000028    20000028    0000000e   00000000    rw- .bss
2000fe00    2000fe00    00000200   00000000    rw-
  2000fe00    2000fe00    00000200   00000000    rw- .stack


SECTION ALLOCATION MAP

 output                                  attributes/
section   page    origin      length       input sections
--------  ----  ----------  ----------   ----------------
.intvecs   0    00000000    000000e4     
                  00000000    000000e4     startup_msp432p401r_ccs.obj (.intvecs:retain)

.text      0    000000e4    00000de0     
                  000000e4    000004f4     TExaS.obj (.text)
                  000005d8    00000294     motorControl.obj (.text)
                  0000086c    000001e4     system_msp432p401r.obj (.text)
                  00000a50    0000013c     Clock.obj (.text)
                  00000b8c    000000fc     Reflectance.obj (.text)
                  00000c88    0000009c     rtsv7M4_T_le_v4SPD16_eabi.lib : memcpy_t2.asm.obj (.text)
                  00000d24    00000080     main.obj (.text)
                  00000da4    00000068     rtsv7M4_T_le_v4SPD16_eabi.lib : copy_decompress_lzss.c.obj (.text:decompress:lzss:__TI_decompress_lzss)
                  00000e0c    00000044                                   : autoinit.c.obj (.text:__TI_auto_init_nobinit_nopinit:__TI_auto_init_nobinit_nopinit)
                  00000e50    00000034                                   : boot_cortex_m.c.obj (.text:_c_int00_noargs:_c_int00_noargs)
                  00000e84    0000001c                                   : copy_zero_init.c.obj (.text:decompress:ZI:__TI_zero_init_nomemset:__TI_zero_init_nomemset)
                  00000ea0    0000000e                                   : copy_decompress_none.c.obj (.text:decompress:none:__TI_decompress_none)
                  00000eae    0000000e     startup_msp432p401r_ccs.obj (.text)
                  00000ebc    00000004     rtsv7M4_T_le_v4SPD16_eabi.lib : pre_init.c.obj (.text:_system_pre_init)
                  00000ec0    00000004                                   : exit.c.obj (.text:abort:abort)

.const     0    00000ec4    00000020     
                  00000ec4    00000020     Reflectance.obj (.const:w)

.cinit     0    00000ee8    00000038     
                  00000ee8    0000000d     (.cinit..data.load) [load image, compression = lzss]
                  00000ef5    00000003     --HOLE-- [fill = 0]
                  00000ef8    0000000c     (__TI_handler_table)
                  00000f04    00000004     --HOLE-- [fill = 0]
                  00000f08    00000008     (.cinit..bss.load) [load image, compression = zero_init]
                  00000f10    00000010     (__TI_cinit_table)

.init_array 
*          0    00000000    00000000     UNINITIALIZED

.binit     0    00000000    00000000     

.data      0    20000000    00000028     UNINITIALIZED
                  20000000    00000018     Clock.obj (.data)
                  20000018    0000000c     TExaS.obj (.data)
                  20000024    00000004     system_msp432p401r.obj (.data)

.bss       0    20000028    0000000e     UNINITIALIZED
                  20000028    00000004     (.common:Output)
                  2000002c    00000004     (.common:PeriodicTask2)
                  20000030    00000004     (.common:Spt)
                  20000034    00000001     (.common:Input)
                  20000035    00000001     (.common:LogicData)

.stack     0    2000fe00    00000200     UNINITIALIZED
                  2000fe00    00000004     rtsv7M4_T_le_v4SPD16_eabi.lib : boot_cortex_m.c.obj (.stack)
                  2000fe04    000001fc     --HOLE--

__llvm_prf_cnts 
*          0    20000000    00000000     UNINITIALIZED

MODULE SUMMARY

       Module                        code   ro data   rw data
       ------                        ----   -------   -------
    ./
       TExaS.obj                     1268   0         34     
       motorControl.obj              660    0         0      
       system_msp432p401r.obj        484    0         8      
       Clock.obj                     316    0         48     
       Reflectance.obj               252    32        0      
       startup_msp432p401r_ccs.obj   14     228       0      
       main.obj                      128    0         18     
    +--+-----------------------------+------+---------+---------+
       Total:                        3122   260       108    
                                                             
    /home/juin/ti/ccs1210/ccs/tools/compiler/ti-cgt-arm_20.2.7.LTS/lib/rtsv7M4_T_le_v4SPD16_eabi.lib
       memcpy_t2.asm.obj             156    0         0      
       copy_decompress_lzss.c.obj    104    0         0      
       autoinit.c.obj                68     0         0      
       boot_cortex_m.c.obj           52     0         0      
       copy_zero_init.c.obj          28     0         0      
       copy_decompress_none.c.obj    14     0         0      
       exit.c.obj                    4      0         0      
       pre_init.c.obj                4      0         0      
    +--+-----------------------------+------+---------+---------+
       Total:                        430    0         0      
                                                             
       Stack:                        0      0         1024   
       Linker Generated:             0      49        0      
    +--+-----------------------------+------+---------+---------+
       Grand Total:                  3552   309       1132   


LINKER GENERATED COPY TABLES

__TI_cinit_table @ 00000f10 records: 2, size/record: 8, table size: 16
	.data: load addr=00000ee8, load size=0000000d bytes, run addr=20000000, run size=00000028 bytes, compression=lzss
	.bss: load addr=00000f08, load size=00000008 bytes, run addr=20000028, run size=0000000e bytes, compression=zero_init


LINKER GENERATED HANDLER TABLE

__TI_handler_table @ 00000ef8 records: 3, size/record: 4, table size: 12
	index: 0, handler: __TI_decompress_lzss
	index: 1, handler: __TI_decompress_none
	index: 2, handler: __TI_zero_init


GLOBAL SYMBOLS: SORTED ALPHABETICALLY BY Name 

address   name                                   
-------   ----                                   
00000ebb  ADC14_IRQHandler                       
000001fd  ADC_Init                               
00000ebb  AES256_IRQHandler                      
00000ebb  BusFault_Handler                       
00000ec1  C$$EXIT                                
00000ebb  COMP_E0_IRQHandler                     
00000ebb  COMP_E1_IRQHandler                     
20000008  CPMwait                                
00000ebb  CS_IRQHandler                          
20000000  ClockFrequency                         
00000b43  Clock_Delay1ms                         
00000b41  Clock_Delay1us                         
00000b3b  Clock_GetFreq                          
00000a57  Clock_Init48MHz                        
20000014  Crystalstable                          
00000ebb  DMA_ERR_IRQHandler                     
00000ebb  DMA_INT0_IRQHandler                    
00000ebb  DMA_INT1_IRQHandler                    
00000ebb  DMA_INT2_IRQHandler                    
00000ebb  DMA_INT3_IRQHandler                    
00000ebb  DebugMon_Handler                       
00000ebb  Default_Handler                        
00000ebb  EUSCIA0_IRQHandler                     
00000ebb  EUSCIA1_IRQHandler                     
00000ebb  EUSCIA2_IRQHandler                     
00000ebb  EUSCIA3_IRQHandler                     
00000ebb  EUSCIB0_IRQHandler                     
00000ebb  EUSCIB1_IRQHandler                     
00000ebb  EUSCIB2_IRQHandler                     
00000ebb  EUSCIB3_IRQHandler                     
00000ebb  FLCTL_IRQHandler                       
00000ebb  FPU_IRQHandler                         
00000ebb  HardFault_Handler                      
20000010  IFlags                                 
20000034  Input                                  
00000379  LogicAnalyzer                          
00000383  LogicAnalyzer_P1                       
00000461  LogicAnalyzer_P10                      
00000391  LogicAnalyzer_P2                       
00000475  LogicAnalyzer_P27_P26_P82_P92_P104_P105
0000039f  LogicAnalyzer_P2_7654                  
000003af  LogicAnalyzer_P3                       
000003bf  LogicAnalyzer_P4                       
000003e1  LogicAnalyzer_P4_765320                
000003cf  LogicAnalyzer_P4_765432                
00000407  LogicAnalyzer_P5                       
000004ad  LogicAnalyzer_P55_P54_P27_P26_P37_P36  
00000421  LogicAnalyzer_P6                       
00000431  LogicAnalyzer_P7                       
00000441  LogicAnalyzer_P8                       
00000451  LogicAnalyzer_P9                       
20000035  LogicData                              
00000ebb  MemManage_Handler                      
0000080f  Motor_BackwardSimple                   
000007bb  Motor_ForwardSimple                    
00000717  Motor_InitSimple                       
000006c3  Motor_LeftSimple                       
0000066f  Motor_RightSimple                      
00000657  Motor_StopSimple                       
00000ebb  NMI_Handler                            
20000028  Output                                 
00000ebb  PCM_IRQHandler                         
00000ebb  PORT1_IRQHandler                       
00000ebb  PORT2_IRQHandler                       
00000ebb  PORT3_IRQHandler                       
00000ebb  PORT4_IRQHandler                       
00000ebb  PORT5_IRQHandler                       
00000ebb  PORT6_IRQHandler                       
00000ebb  PSS_IRQHandler                         
00000ebb  PendSV_Handler                         
2000002c  PeriodicTask2                          
00000251  PeriodicTask2_Init                     
00000199  PeriodicTask2_Stop                     
2000000c  Postwait                               
20000004  Prewait                                
00000ebb  RTC_C_IRQHandler                       
00000c17  Reflectance_Init                       
00000be5  Reflectance_Position                   
00000b8d  Reflectance_Read                       
00000eaf  Reset_Handler                          
00000ebb  SVC_Handler                            
000004e9  Scope                                  
20000030  Spt                                    
00000ebb  SysTick_Handler                        
00000649  SysTick_Init                           
000005d9  SysTick_Wait                           
00000637  SysTick_Wait10ms                       
000005ef  SysTick_Wait1us                        
20000024  SystemCoreClock                        
000008c3  SystemCoreClockUpdate                  
0000086d  SystemInit                             
0000055d  T32_INT1_IRQHandler                    
0000055d  T32_INT1_IRQHandler                    
00000ebb  T32_INT2_IRQHandler                    
00000ebb  T32_INTC_IRQHandler                    
00000ebb  TA0_0_IRQHandler                       
00000ebb  TA0_N_IRQHandler                       
00000ebb  TA1_0_IRQHandler                       
00000ebb  TA1_N_IRQHandler                       
00000ebb  TA2_0_IRQHandler                       
00000ebb  TA2_N_IRQHandler                       
00000ebb  TA3_0_IRQHandler                       
00000ebb  TA3_N_IRQHandler                       
0000036d  TExaS_Clear0                           
00000361  TExaS_Clear1                           
00000355  TExaS_Clear2                           
00000349  TExaS_Clear3                           
00000347  TExaS_Clear4                           
0000033b  TExaS_Clear5                           
0000032f  TExaS_Clear6                           
00000289  TExaS_Init                             
2000001c  TExaS_ScopeErrConflict                 
20000018  TExaS_ScopeErrLostData                 
20000020  TExaS_ScopeWrnReconfig                 
000001f3  TExaS_Set                              
000001e7  TExaS_Set0                             
000001db  TExaS_Set1                             
000001cf  TExaS_Set2                             
000001c3  TExaS_Set3                             
000001c1  TExaS_Set4                             
000001b5  TExaS_Set5                             
000001a9  TExaS_Set6                             
00000199  TExaS_Stop                             
0000018d  TExaS_Task0                            
00000181  TExaS_Task1                            
00000175  TExaS_Task2                            
00000169  TExaS_Task3                            
00000167  TExaS_Task4                            
0000015b  TExaS_Task5                            
0000014f  TExaS_Task6                            
00000141  UART_InChar                            
000000f1  UART_Init                              
000000e5  UART_OutChar                           
00000ebb  UsageFault_Handler                     
4000480c  WDTCTL_SYM                             
00000ebb  WDT_A_IRQHandler                       
20010000  __STACK_END                            
00000200  __STACK_SIZE                           
00000f10  __TI_CINIT_Base                        
00000f20  __TI_CINIT_Limit                       
00000ef8  __TI_Handler_Table_Base                
00000f04  __TI_Handler_Table_Limit               
00000e0d  __TI_auto_init_nobinit_nopinit         
00000da5  __TI_decompress_lzss                   
00000ea1  __TI_decompress_none                   
ffffffff  __TI_pprof_out_hndl                    
ffffffff  __TI_prof_data_size                    
ffffffff  __TI_prof_data_start                   
00000000  __TI_static_base__                     
00000e85  __TI_zero_init_nomemset                
00000c89  __aeabi_memcpy                         
00000c89  __aeabi_memcpy4                        
00000c89  __aeabi_memcpy8                        
ffffffff  __binit__                              
ffffffff  __c_args__                             
UNDEFED   __mpu_init                             
2000fe00  __stack                                
20000000  __start___llvm_prf_cnts                
20000000  __stop___llvm_prf_cnts                 
00000e51  _c_int00_noargs                        
UNDEFED   _system_post_cinit                     
00000ebd  _system_pre_init                       
00000ec1  abort                                  
ffffffff  binit                                  
00000a51  delay                                  
00000000  interruptVectors                       
00000d4f  main                                   
00000c89  memcpy                                 
00000d25  motorState                             
00000601  testPeriod                             
00000ec4  w                                      


GLOBAL SYMBOLS: SORTED BY Symbol Address 

address   name                                   
-------   ----                                   
00000000  __TI_static_base__                     
00000000  interruptVectors                       
000000e5  UART_OutChar                           
000000f1  UART_Init                              
00000141  UART_InChar                            
0000014f  TExaS_Task6                            
0000015b  TExaS_Task5                            
00000167  TExaS_Task4                            
00000169  TExaS_Task3                            
00000175  TExaS_Task2                            
00000181  TExaS_Task1                            
0000018d  TExaS_Task0                            
00000199  PeriodicTask2_Stop                     
00000199  TExaS_Stop                             
000001a9  TExaS_Set6                             
000001b5  TExaS_Set5                             
000001c1  TExaS_Set4                             
000001c3  TExaS_Set3                             
000001cf  TExaS_Set2                             
000001db  TExaS_Set1                             
000001e7  TExaS_Set0                             
000001f3  TExaS_Set                              
000001fd  ADC_Init                               
00000200  __STACK_SIZE                           
00000251  PeriodicTask2_Init                     
00000289  TExaS_Init                             
0000032f  TExaS_Clear6                           
0000033b  TExaS_Clear5                           
00000347  TExaS_Clear4                           
00000349  TExaS_Clear3                           
00000355  TExaS_Clear2                           
00000361  TExaS_Clear1                           
0000036d  TExaS_Clear0                           
00000379  LogicAnalyzer                          
00000383  LogicAnalyzer_P1                       
00000391  LogicAnalyzer_P2                       
0000039f  LogicAnalyzer_P2_7654                  
000003af  LogicAnalyzer_P3                       
000003bf  LogicAnalyzer_P4                       
000003cf  LogicAnalyzer_P4_765432                
000003e1  LogicAnalyzer_P4_765320                
00000407  LogicAnalyzer_P5                       
00000421  LogicAnalyzer_P6                       
00000431  LogicAnalyzer_P7                       
00000441  LogicAnalyzer_P8                       
00000451  LogicAnalyzer_P9                       
00000461  LogicAnalyzer_P10                      
00000475  LogicAnalyzer_P27_P26_P82_P92_P104_P105
000004ad  LogicAnalyzer_P55_P54_P27_P26_P37_P36  
000004e9  Scope                                  
0000055d  T32_INT1_IRQHandler                    
0000055d  T32_INT1_IRQHandler                    
000005d9  SysTick_Wait                           
000005ef  SysTick_Wait1us                        
00000601  testPeriod                             
00000637  SysTick_Wait10ms                       
00000649  SysTick_Init                           
00000657  Motor_StopSimple                       
0000066f  Motor_RightSimple                      
000006c3  Motor_LeftSimple                       
00000717  Motor_InitSimple                       
000007bb  Motor_ForwardSimple                    
0000080f  Motor_BackwardSimple                   
0000086d  SystemInit                             
000008c3  SystemCoreClockUpdate                  
00000a51  delay                                  
00000a57  Clock_Init48MHz                        
00000b3b  Clock_GetFreq                          
00000b41  Clock_Delay1us                         
00000b43  Clock_Delay1ms                         
00000b8d  Reflectance_Read                       
00000be5  Reflectance_Position                   
00000c17  Reflectance_Init                       
00000c89  __aeabi_memcpy                         
00000c89  __aeabi_memcpy4                        
00000c89  __aeabi_memcpy8                        
00000c89  memcpy                                 
00000d25  motorState                             
00000d4f  main                                   
00000da5  __TI_decompress_lzss                   
00000e0d  __TI_auto_init_nobinit_nopinit         
00000e51  _c_int00_noargs                        
00000e85  __TI_zero_init_nomemset                
00000ea1  __TI_decompress_none                   
00000eaf  Reset_Handler                          
00000ebb  ADC14_IRQHandler                       
00000ebb  AES256_IRQHandler                      
00000ebb  BusFault_Handler                       
00000ebb  COMP_E0_IRQHandler                     
00000ebb  COMP_E1_IRQHandler                     
00000ebb  CS_IRQHandler                          
00000ebb  DMA_ERR_IRQHandler                     
00000ebb  DMA_INT0_IRQHandler                    
00000ebb  DMA_INT1_IRQHandler                    
00000ebb  DMA_INT2_IRQHandler                    
00000ebb  DMA_INT3_IRQHandler                    
00000ebb  DebugMon_Handler                       
00000ebb  Default_Handler                        
00000ebb  EUSCIA0_IRQHandler                     
00000ebb  EUSCIA1_IRQHandler                     
00000ebb  EUSCIA2_IRQHandler                     
00000ebb  EUSCIA3_IRQHandler                     
00000ebb  EUSCIB0_IRQHandler                     
00000ebb  EUSCIB1_IRQHandler                     
00000ebb  EUSCIB2_IRQHandler                     
00000ebb  EUSCIB3_IRQHandler                     
00000ebb  FLCTL_IRQHandler                       
00000ebb  FPU_IRQHandler                         
00000ebb  HardFault_Handler                      
00000ebb  MemManage_Handler                      
00000ebb  NMI_Handler                            
00000ebb  PCM_IRQHandler                         
00000ebb  PORT1_IRQHandler                       
00000ebb  PORT2_IRQHandler                       
00000ebb  PORT3_IRQHandler                       
00000ebb  PORT4_IRQHandler                       
00000ebb  PORT5_IRQHandler                       
00000ebb  PORT6_IRQHandler                       
00000ebb  PSS_IRQHandler                         
00000ebb  PendSV_Handler                         
00000ebb  RTC_C_IRQHandler                       
00000ebb  SVC_Handler                            
00000ebb  SysTick_Handler                        
00000ebb  T32_INT2_IRQHandler                    
00000ebb  T32_INTC_IRQHandler                    
00000ebb  TA0_0_IRQHandler                       
00000ebb  TA0_N_IRQHandler                       
00000ebb  TA1_0_IRQHandler                       
00000ebb  TA1_N_IRQHandler                       
00000ebb  TA2_0_IRQHandler                       
00000ebb  TA2_N_IRQHandler                       
00000ebb  TA3_0_IRQHandler                       
00000ebb  TA3_N_IRQHandler                       
00000ebb  UsageFault_Handler                     
00000ebb  WDT_A_IRQHandler                       
00000ebd  _system_pre_init                       
00000ec1  C$$EXIT                                
00000ec1  abort                                  
00000ec4  w                                      
00000ef8  __TI_Handler_Table_Base                
00000f04  __TI_Handler_Table_Limit               
00000f10  __TI_CINIT_Base                        
00000f20  __TI_CINIT_Limit                       
20000000  ClockFrequency                         
20000000  __start___llvm_prf_cnts                
20000000  __stop___llvm_prf_cnts                 
20000004  Prewait                                
20000008  CPMwait                                
2000000c  Postwait                               
20000010  IFlags                                 
20000014  Crystalstable                          
20000018  TExaS_ScopeErrLostData                 
2000001c  TExaS_ScopeErrConflict                 
20000020  TExaS_ScopeWrnReconfig                 
20000024  SystemCoreClock                        
20000028  Output                                 
2000002c  PeriodicTask2                          
20000030  Spt                                    
20000034  Input                                  
20000035  LogicData                              
2000fe00  __stack                                
20010000  __STACK_END                            
4000480c  WDTCTL_SYM                             
ffffffff  __TI_pprof_out_hndl                    
ffffffff  __TI_prof_data_size                    
ffffffff  __TI_prof_data_start                   
ffffffff  __binit__                              
ffffffff  __c_args__                             
ffffffff  binit                                  
UNDEFED   __mpu_init                             
UNDEFED   _system_post_cinit                     

[171 symbols]
