******************************************************************************
                  TI ARM Linker Unix v20.2.7                   
******************************************************************************
>> Linked Wed Feb 22 12:51:24 2023

OUTPUT FILE NAME:   <Lab06_GPIO.out>
ENTRY POINT SYMBOL: "_c_int00_noargs"  address: 00000de1


MEMORY CONFIGURATION

         name            origin    length      used     unused   attr    fill
----------------------  --------  ---------  --------  --------  ----  --------
  MAIN                  00000000   00040000  00000ef4  0003f10c  R  X
  INFO                  00200000   00004000  00000000  00004000  R  X
  SRAM_CODE             01000000   00010000  00000223  0000fddd  RW X
  SRAM_DATA             20000000   00010000  00000223  0000fddd  RW  


SEGMENT ALLOCATION MAP

run origin  load origin   length   init length attrs members
----------  ----------- ---------- ----------- ----- -------
00000000    00000000    00000ef8   00000ef8    r-x
  00000000    00000000    000000e4   000000e4    r-- .intvecs
  000000e4    000000e4    00000d70   00000d70    r-x .text
  00000e54    00000e54    00000068   00000068    r-- .const
  00000ec0    00000ec0    00000038   00000038    r-- .cinit
20000000    20000000    00000023   00000000    rw-
  20000000    20000000    0000001c   00000000    rw- .data
  2000001c    2000001c    00000007   00000000    rw- .bss
2000fe00    2000fe00    00000200   00000000    rw-
  2000fe00    2000fe00    00000200   00000000    rw- .stack


SECTION ALLOCATION MAP

 output                                  attributes/
section   page    origin      length       input sections
--------  ----  ----------  ----------   ----------------
.intvecs   0    00000000    000000e4     
                  00000000    000000e4     startup_msp432p401r_ccs.obj (.intvecs:retain)

.text      0    000000e4    00000d70     
                  000000e4    0000032c     system_msp432p401r.obj (.text)
                  00000410    00000324     motorControl.obj (.text)
                  00000734    000001e0     Clock.obj (.text)
                  00000914    000001d0     Reflectance.obj (.text)
                  00000ae4    000000f8     LaunchPad.obj (.text)
                  00000bdc    000000bc     main.obj (.text)
                  00000c98    0000009c     rtsv7M4_T_le_v4SPD16_eabi.lib : memcpy_t2.asm.obj (.text)
                  00000d34    00000068                                   : copy_decompress_lzss.c.obj (.text:decompress:lzss:__TI_decompress_lzss)
                  00000d9c    00000044                                   : autoinit.c.obj (.text:__TI_auto_init_nobinit_nopinit:__TI_auto_init_nobinit_nopinit)
                  00000de0    00000034                                   : boot_cortex_m.c.obj (.text:_c_int00_noargs:_c_int00_noargs)
                  00000e14    0000001c                                   : copy_zero_init.c.obj (.text:decompress:ZI:__TI_zero_init_nomemset:__TI_zero_init_nomemset)
                  00000e30    0000000e                                   : copy_decompress_none.c.obj (.text:decompress:none:__TI_decompress_none)
                  00000e3e    0000000e     startup_msp432p401r_ccs.obj (.text)
                  00000e4c    00000004     rtsv7M4_T_le_v4SPD16_eabi.lib : pre_init.c.obj (.text:_system_pre_init)
                  00000e50    00000004                                   : exit.c.obj (.text:abort:abort)

.const     0    00000e54    00000068     
                  00000e54    00000048     main.obj (.const:fsm)
                  00000e9c    00000020     Reflectance.obj (.const:w)

.cinit     0    00000ec0    00000038     
                  00000ec0    0000000d     (.cinit..data.load) [load image, compression = lzss]
                  00000ecd    00000003     --HOLE-- [fill = 0]
                  00000ed0    0000000c     (__TI_handler_table)
                  00000edc    00000004     --HOLE-- [fill = 0]
                  00000ee0    00000008     (.cinit..bss.load) [load image, compression = zero_init]
                  00000ee8    00000010     (__TI_cinit_table)

.init_array 
*          0    00000000    00000000     UNINITIALIZED

.binit     0    00000000    00000000     

.data      0    20000000    0000001c     UNINITIALIZED
                  20000000    00000018     Clock.obj (.data)
                  20000018    00000004     system_msp432p401r.obj (.data)

.bss       0    2000001c    00000007     UNINITIALIZED
                  2000001c    00000004     (.common:Spt)
                  20000020    00000001     (.common:Input)
                  20000021    00000001     (.common:Output)
                  20000022    00000001     (.common:state)

.stack     0    2000fe00    00000200     UNINITIALIZED
                  2000fe00    00000004     rtsv7M4_T_le_v4SPD16_eabi.lib : boot_cortex_m.c.obj (.stack)
                  2000fe04    000001fc     --HOLE--

__llvm_prf_cnts 
*          0    20000000    00000000     UNINITIALIZED

MODULE SUMMARY

       Module                        code   ro data   rw data
       ------                        ----   -------   -------
    ./
       system_msp432p401r.obj        812    0         8      
       motorControl.obj              804    0         0      
       Clock.obj                     480    0         48     
       Reflectance.obj               464    32        0      
       main.obj                      188    72        14     
       LaunchPad.obj                 248    0         0      
       startup_msp432p401r_ccs.obj   14     228       0      
    +--+-----------------------------+------+---------+---------+
       Total:                        3010   332       70     
                                                             
    /home/juin/ti/ccs1210/ccs/tools/compiler/ti-cgt-arm_20.2.7.LTS/lib/rtsv7M4_T_le_v4SPD16_eabi.lib
       memcpy_t2.asm.obj             156    0         0      
       copy_decompress_lzss.c.obj    104    0         0      
       autoinit.c.obj                68     0         0      
       boot_cortex_m.c.obj           52     0         0      
       copy_zero_init.c.obj          28     0         0      
       copy_decompress_none.c.obj    14     0         0      
       exit.c.obj                    4      0         0      
       pre_init.c.obj                4      0         0      
    +--+-----------------------------+------+---------+---------+
       Total:                        430    0         0      
                                                             
       Stack:                        0      0         1024   
       Linker Generated:             0      49        0      
    +--+-----------------------------+------+---------+---------+
       Grand Total:                  3440   381       1094   


LINKER GENERATED COPY TABLES

__TI_cinit_table @ 00000ee8 records: 2, size/record: 8, table size: 16
	.data: load addr=00000ec0, load size=0000000d bytes, run addr=20000000, run size=0000001c bytes, compression=lzss
	.bss: load addr=00000ee0, load size=00000008 bytes, run addr=2000001c, run size=00000007 bytes, compression=zero_init


LINKER GENERATED HANDLER TABLE

__TI_handler_table @ 00000ed0 records: 3, size/record: 4, table size: 12
	index: 0, handler: __TI_decompress_lzss
	index: 1, handler: __TI_decompress_none
	index: 2, handler: __TI_zero_init


GLOBAL SYMBOLS: SORTED ALPHABETICALLY BY Name 

address   name                          
-------   ----                          
00000e4b  ADC14_IRQHandler              
00000e4b  AES256_IRQHandler             
00000e4b  BusFault_Handler              
00000e51  C$$EXIT                       
00000e4b  COMP_E0_IRQHandler            
00000e4b  COMP_E1_IRQHandler            
20000008  CPMwait                       
00000e4b  CS_IRQHandler                 
20000000  ClockFrequency                
00000889  Clock_Delay1ms                
0000085f  Clock_Delay1us                
0000084b  Clock_GetFreq                 
00000735  Clock_Init48MHz               
20000014  Crystalstable                 
00000e4b  DMA_ERR_IRQHandler            
00000e4b  DMA_INT0_IRQHandler           
00000e4b  DMA_INT1_IRQHandler           
00000e4b  DMA_INT2_IRQHandler           
00000e4b  DMA_INT3_IRQHandler           
00000e4b  DebugMon_Handler              
00000e4b  Default_Handler               
00000e4b  EUSCIA0_IRQHandler            
00000e4b  EUSCIA1_IRQHandler            
00000e4b  EUSCIA2_IRQHandler            
00000e4b  EUSCIA3_IRQHandler            
00000e4b  EUSCIB0_IRQHandler            
00000e4b  EUSCIB1_IRQHandler            
00000e4b  EUSCIB2_IRQHandler            
00000e4b  EUSCIB3_IRQHandler            
00000e4b  FLCTL_IRQHandler              
00000e4b  FPU_IRQHandler                
00000e4b  HardFault_Handler             
20000010  IFlags                        
20000020  Input                         
00000ae5  LaunchPad_Init                
00000b55  LaunchPad_Input               
00000b73  LaunchPad_LED                 
00000b91  LaunchPad_Output              
00000e4b  MemManage_Handler             
00000539  Motor_BackwardSimple          
000004c9  Motor_ForwardSimple           
00000411  Motor_InitSimple              
000005a9  Motor_LeftSimple              
00000623  Motor_RightSimple             
000004b3  Motor_StopSimple              
00000e4b  NMI_Handler                   
20000021  Output                        
00000e4b  PCM_IRQHandler                
00000e4b  PORT1_IRQHandler              
00000e4b  PORT2_IRQHandler              
00000e4b  PORT3_IRQHandler              
00000e4b  PORT4_IRQHandler              
00000e4b  PORT5_IRQHandler              
00000e4b  PORT6_IRQHandler              
00000e4b  PSS_IRQHandler                
00000e4b  PendSV_Handler                
2000000c  Postwait                      
20000004  Prewait                       
00000e4b  RTC_C_IRQHandler              
00000915  Reflectance_Init              
000009f1  Reflectance_Position          
0000097f  Reflectance_Read              
00000e3f  Reset_Handler                 
00000e4b  SVC_Handler                   
2000001c  Spt                           
00000e4b  SysTick_Handler               
20000018  SystemCoreClock               
000000e5  SystemCoreClockUpdate         
00000359  SystemInit                    
00000e4b  T32_INT1_IRQHandler           
00000e4b  T32_INT2_IRQHandler           
00000e4b  T32_INTC_IRQHandler           
00000e4b  TA0_0_IRQHandler              
00000e4b  TA0_N_IRQHandler              
00000e4b  TA1_0_IRQHandler              
00000e4b  TA1_N_IRQHandler              
00000e4b  TA2_0_IRQHandler              
00000e4b  TA2_N_IRQHandler              
00000e4b  TA3_0_IRQHandler              
00000e4b  TA3_N_IRQHandler              
00000e4b  UsageFault_Handler            
4000480c  WDTCTL_SYM                    
00000e4b  WDT_A_IRQHandler              
20010000  __STACK_END                   
00000200  __STACK_SIZE                  
00000ee8  __TI_CINIT_Base               
00000ef8  __TI_CINIT_Limit              
00000ed0  __TI_Handler_Table_Base       
00000edc  __TI_Handler_Table_Limit      
00000d9d  __TI_auto_init_nobinit_nopinit
00000d35  __TI_decompress_lzss          
00000e31  __TI_decompress_none          
ffffffff  __TI_pprof_out_hndl           
ffffffff  __TI_prof_data_size           
ffffffff  __TI_prof_data_start          
00000000  __TI_static_base__            
00000e15  __TI_zero_init_nomemset       
00000c99  __aeabi_memcpy                
00000c99  __aeabi_memcpy4               
00000c99  __aeabi_memcpy8               
ffffffff  __binit__                     
ffffffff  __c_args__                    
UNDEFED   __mpu_init                    
2000fe00  __stack                       
20000000  __start___llvm_prf_cnts       
20000000  __stop___llvm_prf_cnts        
00000de1  _c_int00_noargs               
UNDEFED   _system_post_cinit            
00000e4d  _system_pre_init              
00000e51  abort                         
ffffffff  binit                         
00000851  delay                         
00000e54  fsm                           
00000000  interruptVectors              
00000bdd  main                          
00000c99  memcpy                        
00000c43  motorState                    
20000022  state                         
0000069d  testPeriod                    
00000e9c  w                             


GLOBAL SYMBOLS: SORTED BY Symbol Address 

address   name                          
-------   ----                          
00000000  __TI_static_base__            
00000000  interruptVectors              
000000e5  SystemCoreClockUpdate         
00000200  __STACK_SIZE                  
00000359  SystemInit                    
00000411  Motor_InitSimple              
000004b3  Motor_StopSimple              
000004c9  Motor_ForwardSimple           
00000539  Motor_BackwardSimple          
000005a9  Motor_LeftSimple              
00000623  Motor_RightSimple             
0000069d  testPeriod                    
00000735  Clock_Init48MHz               
0000084b  Clock_GetFreq                 
00000851  delay                         
0000085f  Clock_Delay1us                
00000889  Clock_Delay1ms                
00000915  Reflectance_Init              
0000097f  Reflectance_Read              
000009f1  Reflectance_Position          
00000ae5  LaunchPad_Init                
00000b55  LaunchPad_Input               
00000b73  LaunchPad_LED                 
00000b91  LaunchPad_Output              
00000bdd  main                          
00000c43  motorState                    
00000c99  __aeabi_memcpy                
00000c99  __aeabi_memcpy4               
00000c99  __aeabi_memcpy8               
00000c99  memcpy                        
00000d35  __TI_decompress_lzss          
00000d9d  __TI_auto_init_nobinit_nopinit
00000de1  _c_int00_noargs               
00000e15  __TI_zero_init_nomemset       
00000e31  __TI_decompress_none          
00000e3f  Reset_Handler                 
00000e4b  ADC14_IRQHandler              
00000e4b  AES256_IRQHandler             
00000e4b  BusFault_Handler              
00000e4b  COMP_E0_IRQHandler            
00000e4b  COMP_E1_IRQHandler            
00000e4b  CS_IRQHandler                 
00000e4b  DMA_ERR_IRQHandler            
00000e4b  DMA_INT0_IRQHandler           
00000e4b  DMA_INT1_IRQHandler           
00000e4b  DMA_INT2_IRQHandler           
00000e4b  DMA_INT3_IRQHandler           
00000e4b  DebugMon_Handler              
00000e4b  Default_Handler               
00000e4b  EUSCIA0_IRQHandler            
00000e4b  EUSCIA1_IRQHandler            
00000e4b  EUSCIA2_IRQHandler            
00000e4b  EUSCIA3_IRQHandler            
00000e4b  EUSCIB0_IRQHandler            
00000e4b  EUSCIB1_IRQHandler            
00000e4b  EUSCIB2_IRQHandler            
00000e4b  EUSCIB3_IRQHandler            
00000e4b  FLCTL_IRQHandler              
00000e4b  FPU_IRQHandler                
00000e4b  HardFault_Handler             
00000e4b  MemManage_Handler             
00000e4b  NMI_Handler                   
00000e4b  PCM_IRQHandler                
00000e4b  PORT1_IRQHandler              
00000e4b  PORT2_IRQHandler              
00000e4b  PORT3_IRQHandler              
00000e4b  PORT4_IRQHandler              
00000e4b  PORT5_IRQHandler              
00000e4b  PORT6_IRQHandler              
00000e4b  PSS_IRQHandler                
00000e4b  PendSV_Handler                
00000e4b  RTC_C_IRQHandler              
00000e4b  SVC_Handler                   
00000e4b  SysTick_Handler               
00000e4b  T32_INT1_IRQHandler           
00000e4b  T32_INT2_IRQHandler           
00000e4b  T32_INTC_IRQHandler           
00000e4b  TA0_0_IRQHandler              
00000e4b  TA0_N_IRQHandler              
00000e4b  TA1_0_IRQHandler              
00000e4b  TA1_N_IRQHandler              
00000e4b  TA2_0_IRQHandler              
00000e4b  TA2_N_IRQHandler              
00000e4b  TA3_0_IRQHandler              
00000e4b  TA3_N_IRQHandler              
00000e4b  UsageFault_Handler            
00000e4b  WDT_A_IRQHandler              
00000e4d  _system_pre_init              
00000e51  C$$EXIT                       
00000e51  abort                         
00000e54  fsm                           
00000e9c  w                             
00000ed0  __TI_Handler_Table_Base       
00000edc  __TI_Handler_Table_Limit      
00000ee8  __TI_CINIT_Base               
00000ef8  __TI_CINIT_Limit              
20000000  ClockFrequency                
20000000  __start___llvm_prf_cnts       
20000000  __stop___llvm_prf_cnts        
20000004  Prewait                       
20000008  CPMwait                       
2000000c  Postwait                      
20000010  IFlags                        
20000014  Crystalstable                 
20000018  SystemCoreClock               
2000001c  Spt                           
20000020  Input                         
20000021  Output                        
20000022  state                         
2000fe00  __stack                       
20010000  __STACK_END                   
4000480c  WDTCTL_SYM                    
ffffffff  __TI_pprof_out_hndl           
ffffffff  __TI_prof_data_size           
ffffffff  __TI_prof_data_start          
ffffffff  __binit__                     
ffffffff  __c_args__                    
ffffffff  binit                         
UNDEFED   __mpu_init                    
UNDEFED   _system_post_cinit            

[120 symbols]
