******************************************************************************
                  TI ARM Linker Unix v20.2.7                   
******************************************************************************
>> Linked Wed Mar  1 14:05:39 2023

OUTPUT FILE NAME:   <Lab06_GPIO.out>
ENTRY POINT SYMBOL: "_c_int00_noargs"  address: 00000fa1


MEMORY CONFIGURATION

         name            origin    length      used     unused   attr    fill
----------------------  --------  ---------  --------  --------  ----  --------
  MAIN                  00000000   00040000  00001130  0003eed0  R  X
  INFO                  00200000   00004000  00000000  00004000  R  X
  SRAM_CODE             01000000   00010000  00000228  0000fdd8  RW X
  SRAM_DATA             20000000   00010000  00000228  0000fdd8  RW  


SEGMENT ALLOCATION MAP

run origin  load origin   length   init length attrs members
----------  ----------- ---------- ----------- ----- -------
00000000    00000000    00001130   00001130    r-x
  00000000    00000000    000000e4   000000e4    r-- .intvecs
  000000e4    000000e4    00000f54   00000f54    r-x .text
  00001038    00001038    000000c0   000000c0    r-- .const
  000010f8    000010f8    00000038   00000038    r-- .cinit
20000000    20000000    0000002b   00000000    rw-
  20000000    20000000    0000001d   00000000    rw- .data
  20000020    20000020    0000000b   00000000    rw- .bss
2000fe00    2000fe00    00000200   00000000    rw-
  2000fe00    2000fe00    00000200   00000000    rw- .stack


SECTION ALLOCATION MAP

 output                                  attributes/
section   page    origin      length       input sections
--------  ----  ----------  ----------   ----------------
.intvecs   0    00000000    000000e4     
                  00000000    000000e4     startup_msp432p401r_ccs.obj (.intvecs:retain)

.text      0    000000e4    00000f54     
                  000000e4    0000032c     system_msp432p401r.obj (.text)
                  00000410    00000228     Reflectance.obj (.text)
                  00000638    000001e0     Clock.obj (.text)
                  00000818    000001a4     motorControl.obj (.text)
                  000009bc    000001a0     main.obj (.text)
                  00000b5c    000000f8     LaunchPad.obj (.text)
                  00000c54    000000ec     PWM.obj (.text)
                  00000d40    000000d8     BumpInt.obj (.text)
                  00000e18    0000009c     rtsv7M4_T_le_v4SPD16_eabi.lib : memcpy_t2.asm.obj (.text)
                  00000eb4    00000068                                   : copy_decompress_lzss.c.obj (.text:decompress:lzss:__TI_decompress_lzss)
                  00000f1c    00000044                                   : autoinit.c.obj (.text:__TI_auto_init_nobinit_nopinit:__TI_auto_init_nobinit_nopinit)
                  00000f60    00000040     SysTickInts.obj (.text)
                  00000fa0    00000034     rtsv7M4_T_le_v4SPD16_eabi.lib : boot_cortex_m.c.obj (.text:_c_int00_noargs:_c_int00_noargs)
                  00000fd4    00000024     CortexM.obj (.text)
                  00000ff8    0000001c     rtsv7M4_T_le_v4SPD16_eabi.lib : copy_zero_init.c.obj (.text:decompress:ZI:__TI_zero_init_nomemset:__TI_zero_init_nomemset)
                  00001014    0000000e                                   : copy_decompress_none.c.obj (.text:decompress:none:__TI_decompress_none)
                  00001022    0000000e     startup_msp432p401r_ccs.obj (.text)
                  00001030    00000004     rtsv7M4_T_le_v4SPD16_eabi.lib : pre_init.c.obj (.text:_system_pre_init)
                  00001034    00000004                                   : exit.c.obj (.text:abort:abort)

.const     0    00001038    000000c0     
                  00001038    000000a0     main.obj (.const:fsm)
                  000010d8    00000020     Reflectance.obj (.const:w)

.cinit     0    000010f8    00000038     
                  000010f8    0000000d     (.cinit..data.load) [load image, compression = lzss]
                  00001105    00000003     --HOLE-- [fill = 0]
                  00001108    0000000c     (__TI_handler_table)
                  00001114    00000004     --HOLE-- [fill = 0]
                  00001118    00000008     (.cinit..bss.load) [load image, compression = zero_init]
                  00001120    00000010     (__TI_cinit_table)

.init_array 
*          0    00000000    00000000     UNINITIALIZED

.binit     0    00000000    00000000     

.data      0    20000000    0000001d     UNINITIALIZED
                  20000000    00000018     Clock.obj (.data)
                  20000018    00000004     system_msp432p401r.obj (.data)
                  2000001c    00000001     main.obj (.data)

.bss       0    20000020    0000000b     UNINITIALIZED
                  20000020    00000004     (.common:Spt)
                  20000024    00000004     (.common:collision_handle)
                  20000028    00000001     (.common:Input)
                  20000029    00000001     (.common:Output)
                  2000002a    00000001     (.common:refl_data)

.stack     0    2000fe00    00000200     UNINITIALIZED
                  2000fe00    00000004     rtsv7M4_T_le_v4SPD16_eabi.lib : boot_cortex_m.c.obj (.stack)
                  2000fe04    000001fc     --HOLE--

__llvm_prf_cnts 
*          0    20000000    00000000     UNINITIALIZED

MODULE SUMMARY

       Module                        code   ro data   rw data
       ------                        ----   -------   -------
    ./
       system_msp432p401r.obj        812    0         8      
       main.obj                      416    160       16     
       Reflectance.obj               552    32        0      
       Clock.obj                     480    0         48     
       motorControl.obj              420    0         0      
       LaunchPad.obj                 248    0         0      
       startup_msp432p401r_ccs.obj   14     228       0      
       PWM.obj                       236    0         0      
       BumpInt.obj                   216    0         8      
       SysTickInts.obj               64     0         0      
       CortexM.obj                   36     0         0      
    +--+-----------------------------+------+---------+---------+
       Total:                        3494   420       80     
                                                             
    /home/juin/ti/ccs1210/ccs/tools/compiler/ti-cgt-arm_20.2.7.LTS/lib/rtsv7M4_T_le_v4SPD16_eabi.lib
       memcpy_t2.asm.obj             156    0         0      
       copy_decompress_lzss.c.obj    104    0         0      
       autoinit.c.obj                68     0         0      
       boot_cortex_m.c.obj           52     0         0      
       copy_zero_init.c.obj          28     0         0      
       copy_decompress_none.c.obj    14     0         0      
       exit.c.obj                    4      0         0      
       pre_init.c.obj                4      0         0      
    +--+-----------------------------+------+---------+---------+
       Total:                        430    0         0      
                                                             
       Stack:                        0      0         1024   
       Linker Generated:             0      49        0      
    +--+-----------------------------+------+---------+---------+
       Grand Total:                  3924   469       1104   


LINKER GENERATED COPY TABLES

__TI_cinit_table @ 00001120 records: 2, size/record: 8, table size: 16
	.data: load addr=000010f8, load size=0000000d bytes, run addr=20000000, run size=0000001d bytes, compression=lzss
	.bss: load addr=00001118, load size=00000008 bytes, run addr=20000020, run size=0000000b bytes, compression=zero_init


LINKER GENERATED HANDLER TABLE

__TI_handler_table @ 00001108 records: 3, size/record: 4, table size: 12
	index: 0, handler: __TI_decompress_lzss
	index: 1, handler: __TI_decompress_none
	index: 2, handler: __TI_zero_init


GLOBAL SYMBOLS: SORTED ALPHABETICALLY BY Name 

address   name                          
-------   ----                          
0000102f  ADC14_IRQHandler              
0000102f  AES256_IRQHandler             
00000d41  BumpInt_Init                  
00000db7  Bump_Read                     
0000102f  BusFault_Handler              
00001035  C$$EXIT                       
0000102f  COMP_E0_IRQHandler            
0000102f  COMP_E1_IRQHandler            
20000008  CPMwait                       
0000102f  CS_IRQHandler                 
20000000  ClockFrequency                
0000078d  Clock_Delay1ms                
00000763  Clock_Delay1us                
0000074f  Clock_GetFreq                 
00000639  Clock_Init48MHz               
20000014  Crystalstable                 
0000102f  DMA_ERR_IRQHandler            
0000102f  DMA_INT0_IRQHandler           
0000102f  DMA_INT1_IRQHandler           
0000102f  DMA_INT2_IRQHandler           
0000102f  DMA_INT3_IRQHandler           
0000102f  DebugMon_Handler              
0000102f  Default_Handler               
00000fd5  DisableInterrupts             
0000102f  EUSCIA0_IRQHandler            
0000102f  EUSCIA1_IRQHandler            
0000102f  EUSCIA2_IRQHandler            
0000102f  EUSCIA3_IRQHandler            
0000102f  EUSCIB0_IRQHandler            
0000102f  EUSCIB1_IRQHandler            
0000102f  EUSCIB2_IRQHandler            
0000102f  EUSCIB3_IRQHandler            
00000fdb  EnableInterrupts              
00000feb  EndCritical                   
0000102f  FLCTL_IRQHandler              
0000102f  FPU_IRQHandler                
0000102f  HardFault_Handler             
20000010  IFlags                        
20000028  Input                         
00000b5d  LaunchPad_Init                
00000bcd  LaunchPad_Input               
00000beb  LaunchPad_LED                 
00000c09  LaunchPad_Output              
0000102f  MemManage_Handler             
0000095b  Motor_Backward                
000008b7  Motor_Forward                 
00000819  Motor_Init                    
00000921  Motor_Left                    
000008e7  Motor_Right                   
000008a1  Motor_Stop                    
0000102f  NMI_Handler                   
20000029  Output                        
0000102f  PCM_IRQHandler                
0000102f  PORT1_IRQHandler              
0000102f  PORT2_IRQHandler              
0000102f  PORT3_IRQHandler              
00000dd1  PORT4_IRQHandler              
00000dd1  PORT4_IRQHandler              
0000102f  PORT5_IRQHandler              
0000102f  PORT6_IRQHandler              
0000102f  PSS_IRQHandler                
00000cd9  PWM_Duty1                     
00000cf9  PWM_Duty2                     
00000c55  PWM_Init12                    
0000102f  PendSV_Handler                
2000000c  Postwait                      
20000004  Prewait                       
0000102f  RTC_C_IRQHandler              
000005d3  Reflectance_End               
00000411  Reflectance_Init              
000004ed  Reflectance_Position          
0000047b  Reflectance_Read              
000005a3  Reflectance_Start             
00001023  Reset_Handler                 
0000102f  SVC_Handler                   
20000020  Spt                           
00000fe1  StartCritical                 
00000aab  SysTick_Handler               
00000aab  SysTick_Handler               
00000f61  SysTick_Init                  
20000018  SystemCoreClock               
000000e5  SystemCoreClockUpdate         
00000359  SystemInit                    
0000102f  T32_INT1_IRQHandler           
0000102f  T32_INT2_IRQHandler           
0000102f  T32_INTC_IRQHandler           
0000102f  TA0_0_IRQHandler              
0000102f  TA0_N_IRQHandler              
0000102f  TA1_0_IRQHandler              
0000102f  TA1_N_IRQHandler              
0000102f  TA2_0_IRQHandler              
0000102f  TA2_N_IRQHandler              
0000102f  TA3_0_IRQHandler              
0000102f  TA3_N_IRQHandler              
0000102f  UsageFault_Handler            
4000480c  WDTCTL_SYM                    
0000102f  WDT_A_IRQHandler              
00000ff3  WaitForInterrupt              
20010000  __STACK_END                   
00000200  __STACK_SIZE                  
00001120  __TI_CINIT_Base               
00001130  __TI_CINIT_Limit              
00001108  __TI_Handler_Table_Base       
00001114  __TI_Handler_Table_Limit      
00000f1d  __TI_auto_init_nobinit_nopinit
00000eb5  __TI_decompress_lzss          
00001015  __TI_decompress_none          
ffffffff  __TI_pprof_out_hndl           
ffffffff  __TI_prof_data_size           
ffffffff  __TI_prof_data_start          
00000000  __TI_static_base__            
00000ff9  __TI_zero_init_nomemset       
00000e19  __aeabi_memcpy                
00000e19  __aeabi_memcpy4               
00000e19  __aeabi_memcpy8               
ffffffff  __binit__                     
ffffffff  __c_args__                    
UNDEFED   __mpu_init                    
2000fe00  __stack                       
20000000  __start___llvm_prf_cnts       
20000000  __stop___llvm_prf_cnts        
00000fa1  _c_int00_noargs               
UNDEFED   _system_post_cinit            
00001031  _system_pre_init              
00001035  abort                         
ffffffff  binit                         
00000b11  collision                     
20000024  collision_handle              
00000755  delay                         
00001038  fsm                           
00000000  interruptVectors              
000009bd  main                          
00000e19  memcpy                        
000009ef  motorState                    
2000002a  refl_data                     
000010d8  w                             


GLOBAL SYMBOLS: SORTED BY Symbol Address 

address   name                          
-------   ----                          
00000000  __TI_static_base__            
00000000  interruptVectors              
000000e5  SystemCoreClockUpdate         
00000200  __STACK_SIZE                  
00000359  SystemInit                    
00000411  Reflectance_Init              
0000047b  Reflectance_Read              
000004ed  Reflectance_Position          
000005a3  Reflectance_Start             
000005d3  Reflectance_End               
00000639  Clock_Init48MHz               
0000074f  Clock_GetFreq                 
00000755  delay                         
00000763  Clock_Delay1us                
0000078d  Clock_Delay1ms                
00000819  Motor_Init                    
000008a1  Motor_Stop                    
000008b7  Motor_Forward                 
000008e7  Motor_Right                   
00000921  Motor_Left                    
0000095b  Motor_Backward                
000009bd  main                          
000009ef  motorState                    
00000aab  SysTick_Handler               
00000aab  SysTick_Handler               
00000b11  collision                     
00000b5d  LaunchPad_Init                
00000bcd  LaunchPad_Input               
00000beb  LaunchPad_LED                 
00000c09  LaunchPad_Output              
00000c55  PWM_Init12                    
00000cd9  PWM_Duty1                     
00000cf9  PWM_Duty2                     
00000d41  BumpInt_Init                  
00000db7  Bump_Read                     
00000dd1  PORT4_IRQHandler              
00000dd1  PORT4_IRQHandler              
00000e19  __aeabi_memcpy                
00000e19  __aeabi_memcpy4               
00000e19  __aeabi_memcpy8               
00000e19  memcpy                        
00000eb5  __TI_decompress_lzss          
00000f1d  __TI_auto_init_nobinit_nopinit
00000f61  SysTick_Init                  
00000fa1  _c_int00_noargs               
00000fd5  DisableInterrupts             
00000fdb  EnableInterrupts              
00000fe1  StartCritical                 
00000feb  EndCritical                   
00000ff3  WaitForInterrupt              
00000ff9  __TI_zero_init_nomemset       
00001015  __TI_decompress_none          
00001023  Reset_Handler                 
0000102f  ADC14_IRQHandler              
0000102f  AES256_IRQHandler             
0000102f  BusFault_Handler              
0000102f  COMP_E0_IRQHandler            
0000102f  COMP_E1_IRQHandler            
0000102f  CS_IRQHandler                 
0000102f  DMA_ERR_IRQHandler            
0000102f  DMA_INT0_IRQHandler           
0000102f  DMA_INT1_IRQHandler           
0000102f  DMA_INT2_IRQHandler           
0000102f  DMA_INT3_IRQHandler           
0000102f  DebugMon_Handler              
0000102f  Default_Handler               
0000102f  EUSCIA0_IRQHandler            
0000102f  EUSCIA1_IRQHandler            
0000102f  EUSCIA2_IRQHandler            
0000102f  EUSCIA3_IRQHandler            
0000102f  EUSCIB0_IRQHandler            
0000102f  EUSCIB1_IRQHandler            
0000102f  EUSCIB2_IRQHandler            
0000102f  EUSCIB3_IRQHandler            
0000102f  FLCTL_IRQHandler              
0000102f  FPU_IRQHandler                
0000102f  HardFault_Handler             
0000102f  MemManage_Handler             
0000102f  NMI_Handler                   
0000102f  PCM_IRQHandler                
0000102f  PORT1_IRQHandler              
0000102f  PORT2_IRQHandler              
0000102f  PORT3_IRQHandler              
0000102f  PORT5_IRQHandler              
0000102f  PORT6_IRQHandler              
0000102f  PSS_IRQHandler                
0000102f  PendSV_Handler                
0000102f  RTC_C_IRQHandler              
0000102f  SVC_Handler                   
0000102f  T32_INT1_IRQHandler           
0000102f  T32_INT2_IRQHandler           
0000102f  T32_INTC_IRQHandler           
0000102f  TA0_0_IRQHandler              
0000102f  TA0_N_IRQHandler              
0000102f  TA1_0_IRQHandler              
0000102f  TA1_N_IRQHandler              
0000102f  TA2_0_IRQHandler              
0000102f  TA2_N_IRQHandler              
0000102f  TA3_0_IRQHandler              
0000102f  TA3_N_IRQHandler              
0000102f  UsageFault_Handler            
0000102f  WDT_A_IRQHandler              
00001031  _system_pre_init              
00001035  C$$EXIT                       
00001035  abort                         
00001038  fsm                           
000010d8  w                             
00001108  __TI_Handler_Table_Base       
00001114  __TI_Handler_Table_Limit      
00001120  __TI_CINIT_Base               
00001130  __TI_CINIT_Limit              
20000000  ClockFrequency                
20000000  __start___llvm_prf_cnts       
20000000  __stop___llvm_prf_cnts        
20000004  Prewait                       
20000008  CPMwait                       
2000000c  Postwait                      
20000010  IFlags                        
20000014  Crystalstable                 
20000018  SystemCoreClock               
20000020  Spt                           
20000024  collision_handle              
20000028  Input                         
20000029  Output                        
2000002a  refl_data                     
2000fe00  __stack                       
20010000  __STACK_END                   
4000480c  WDTCTL_SYM                    
ffffffff  __TI_pprof_out_hndl           
ffffffff  __TI_prof_data_size           
ffffffff  __TI_prof_data_start          
ffffffff  __binit__                     
ffffffff  __c_args__                    
ffffffff  binit                         
UNDEFED   __mpu_init                    
UNDEFED   _system_post_cinit            

[136 symbols]
