******************************************************************************
                  TI ARM Linker Unix v20.2.7                   
******************************************************************************
>> Linked Wed Mar  1 17:25:41 2023

OUTPUT FILE NAME:   <Lab06_GPIO.out>
ENTRY POINT SYMBOL: "_c_int00_noargs"  address: 00000fed


MEMORY CONFIGURATION

         name            origin    length      used     unused   attr    fill
----------------------  --------  ---------  --------  --------  ----  --------
  MAIN                  00000000   00040000  000011f4  0003ee0c  R  X
  INFO                  00200000   00004000  00000000  00004000  R  X
  SRAM_CODE             01000000   00010000  00000228  0000fdd8  RW X
  SRAM_DATA             20000000   00010000  00000228  0000fdd8  RW  


SEGMENT ALLOCATION MAP

run origin  load origin   length   init length attrs members
----------  ----------- ---------- ----------- ----- -------
00000000    00000000    000011f8   000011f8    r-x
  00000000    00000000    000000e4   000000e4    r-- .intvecs
  000000e4    000000e4    00000fa0   00000fa0    r-x .text
  00001084    00001084    00000138   00000138    r-- .const
  000011c0    000011c0    00000038   00000038    r-- .cinit
20000000    20000000    0000002b   00000000    rw-
  20000000    20000000    0000001d   00000000    rw- .data
  20000020    20000020    0000000b   00000000    rw- .bss
2000fe00    2000fe00    00000200   00000000    rw-
  2000fe00    2000fe00    00000200   00000000    rw- .stack


SECTION ALLOCATION MAP

 output                                  attributes/
section   page    origin      length       input sections
--------  ----  ----------  ----------   ----------------
.intvecs   0    00000000    000000e4     
                  00000000    000000e4     startup_msp432p401r_ccs.obj (.intvecs:retain)

.text      0    000000e4    00000fa0     
                  000000e4    0000032c     system_msp432p401r.obj (.text)
                  00000410    00000254     Reflectance.obj (.text)
                  00000664    000001e0     Clock.obj (.text)
                  00000844    000001c0     main.obj (.text)
                  00000a04    000001a4     motorControl.obj (.text)
                  00000ba8    000000f8     LaunchPad.obj (.text)
                  00000ca0    000000ec     PWM.obj (.text)
                  00000d8c    000000d8     BumpInt.obj (.text)
                  00000e64    0000009c     rtsv7M4_T_le_v4SPD16_eabi.lib : memcpy_t2.asm.obj (.text)
                  00000f00    00000068                                   : copy_decompress_lzss.c.obj (.text:decompress:lzss:__TI_decompress_lzss)
                  00000f68    00000044                                   : autoinit.c.obj (.text:__TI_auto_init_nobinit_nopinit:__TI_auto_init_nobinit_nopinit)
                  00000fac    00000040     SysTickInts.obj (.text)
                  00000fec    00000034     rtsv7M4_T_le_v4SPD16_eabi.lib : boot_cortex_m.c.obj (.text:_c_int00_noargs:_c_int00_noargs)
                  00001020    00000024     CortexM.obj (.text)
                  00001044    0000001c     rtsv7M4_T_le_v4SPD16_eabi.lib : copy_zero_init.c.obj (.text:decompress:ZI:__TI_zero_init_nomemset:__TI_zero_init_nomemset)
                  00001060    0000000e                                   : copy_decompress_none.c.obj (.text:decompress:none:__TI_decompress_none)
                  0000106e    0000000e     startup_msp432p401r_ccs.obj (.text)
                  0000107c    00000004     rtsv7M4_T_le_v4SPD16_eabi.lib : pre_init.c.obj (.text:_system_pre_init)
                  00001080    00000004                                   : exit.c.obj (.text:abort:abort)

.const     0    00001084    00000138     
                  00001084    00000118     main.obj (.const:fsm)
                  0000119c    00000020     Reflectance.obj (.const:w)

.cinit     0    000011c0    00000038     
                  000011c0    0000000d     (.cinit..data.load) [load image, compression = lzss]
                  000011cd    00000003     --HOLE-- [fill = 0]
                  000011d0    0000000c     (__TI_handler_table)
                  000011dc    00000004     --HOLE-- [fill = 0]
                  000011e0    00000008     (.cinit..bss.load) [load image, compression = zero_init]
                  000011e8    00000010     (__TI_cinit_table)

.init_array 
*          0    00000000    00000000     UNINITIALIZED

.binit     0    00000000    00000000     

.data      0    20000000    0000001d     UNINITIALIZED
                  20000000    00000018     Clock.obj (.data)
                  20000018    00000004     system_msp432p401r.obj (.data)
                  2000001c    00000001     main.obj (.data)

.bss       0    20000020    0000000b     UNINITIALIZED
                  20000020    00000004     (.common:Spt)
                  20000024    00000004     (.common:collision_handle)
                  20000028    00000001     (.common:Input)
                  20000029    00000001     (.common:Output)
                  2000002a    00000001     (.common:refl_data)

.stack     0    2000fe00    00000200     UNINITIALIZED
                  2000fe00    00000004     rtsv7M4_T_le_v4SPD16_eabi.lib : boot_cortex_m.c.obj (.stack)
                  2000fe04    000001fc     --HOLE--

__llvm_prf_cnts 
*          0    20000000    00000000     UNINITIALIZED

MODULE SUMMARY

       Module                        code   ro data   rw data
       ------                        ----   -------   -------
    ./
       system_msp432p401r.obj        812    0         8      
       main.obj                      448    280       16     
       Reflectance.obj               596    32        0      
       Clock.obj                     480    0         48     
       motorControl.obj              420    0         0      
       LaunchPad.obj                 248    0         0      
       startup_msp432p401r_ccs.obj   14     228       0      
       PWM.obj                       236    0         0      
       BumpInt.obj                   216    0         8      
       SysTickInts.obj               64     0         0      
       CortexM.obj                   36     0         0      
    +--+-----------------------------+------+---------+---------+
       Total:                        3570   540       80     
                                                             
    /home/juin/ti/ccs1210/ccs/tools/compiler/ti-cgt-arm_20.2.7.LTS/lib/rtsv7M4_T_le_v4SPD16_eabi.lib
       memcpy_t2.asm.obj             156    0         0      
       copy_decompress_lzss.c.obj    104    0         0      
       autoinit.c.obj                68     0         0      
       boot_cortex_m.c.obj           52     0         0      
       copy_zero_init.c.obj          28     0         0      
       copy_decompress_none.c.obj    14     0         0      
       exit.c.obj                    4      0         0      
       pre_init.c.obj                4      0         0      
    +--+-----------------------------+------+---------+---------+
       Total:                        430    0         0      
                                                             
       Stack:                        0      0         1024   
       Linker Generated:             0      49        0      
    +--+-----------------------------+------+---------+---------+
       Grand Total:                  4000   589       1104   


LINKER GENERATED COPY TABLES

__TI_cinit_table @ 000011e8 records: 2, size/record: 8, table size: 16
	.data: load addr=000011c0, load size=0000000d bytes, run addr=20000000, run size=0000001d bytes, compression=lzss
	.bss: load addr=000011e0, load size=00000008 bytes, run addr=20000020, run size=0000000b bytes, compression=zero_init


LINKER GENERATED HANDLER TABLE

__TI_handler_table @ 000011d0 records: 3, size/record: 4, table size: 12
	index: 0, handler: __TI_decompress_lzss
	index: 1, handler: __TI_decompress_none
	index: 2, handler: __TI_zero_init


GLOBAL SYMBOLS: SORTED ALPHABETICALLY BY Name 

address   name                          
-------   ----                          
0000107b  ADC14_IRQHandler              
0000107b  AES256_IRQHandler             
00000d8d  BumpInt_Init                  
00000e03  Bump_Read                     
0000107b  BusFault_Handler              
00001081  C$$EXIT                       
0000107b  COMP_E0_IRQHandler            
0000107b  COMP_E1_IRQHandler            
20000008  CPMwait                       
0000107b  CS_IRQHandler                 
20000000  ClockFrequency                
000007b9  Clock_Delay1ms                
0000078f  Clock_Delay1us                
0000077b  Clock_GetFreq                 
00000665  Clock_Init48MHz               
20000014  Crystalstable                 
0000107b  DMA_ERR_IRQHandler            
0000107b  DMA_INT0_IRQHandler           
0000107b  DMA_INT1_IRQHandler           
0000107b  DMA_INT2_IRQHandler           
0000107b  DMA_INT3_IRQHandler           
0000107b  DebugMon_Handler              
0000107b  Default_Handler               
00001021  DisableInterrupts             
0000107b  EUSCIA0_IRQHandler            
0000107b  EUSCIA1_IRQHandler            
0000107b  EUSCIA2_IRQHandler            
0000107b  EUSCIA3_IRQHandler            
0000107b  EUSCIB0_IRQHandler            
0000107b  EUSCIB1_IRQHandler            
0000107b  EUSCIB2_IRQHandler            
0000107b  EUSCIB3_IRQHandler            
00001027  EnableInterrupts              
00001037  EndCritical                   
0000107b  FLCTL_IRQHandler              
0000107b  FPU_IRQHandler                
0000107b  HardFault_Handler             
20000010  IFlags                        
20000028  Input                         
00000ba9  LaunchPad_Init                
00000c19  LaunchPad_Input               
00000c37  LaunchPad_LED                 
00000c55  LaunchPad_Output              
0000107b  MemManage_Handler             
00000b47  Motor_Backward                
00000aa3  Motor_Forward                 
00000a05  Motor_Init                    
00000b0d  Motor_Left                    
00000ad3  Motor_Right                   
00000a8d  Motor_Stop                    
0000107b  NMI_Handler                   
20000029  Output                        
0000107b  PCM_IRQHandler                
0000107b  PORT1_IRQHandler              
0000107b  PORT2_IRQHandler              
0000107b  PORT3_IRQHandler              
00000e1d  PORT4_IRQHandler              
00000e1d  PORT4_IRQHandler              
0000107b  PORT5_IRQHandler              
0000107b  PORT6_IRQHandler              
0000107b  PSS_IRQHandler                
00000d25  PWM_Duty1                     
00000d45  PWM_Duty2                     
00000ca1  PWM_Init12                    
0000107b  PendSV_Handler                
2000000c  Postwait                      
20000004  Prewait                       
0000107b  RTC_C_IRQHandler              
000005f9  Reflectance_End               
00000411  Reflectance_Init              
000004ed  Reflectance_Position          
0000047b  Reflectance_Read              
000005c9  Reflectance_Start             
0000106f  Reset_Handler                 
0000107b  SVC_Handler                   
20000020  Spt                           
0000102d  StartCritical                 
00000953  SysTick_Handler               
00000953  SysTick_Handler               
00000fad  SysTick_Init                  
20000018  SystemCoreClock               
000000e5  SystemCoreClockUpdate         
00000359  SystemInit                    
0000107b  T32_INT1_IRQHandler           
0000107b  T32_INT2_IRQHandler           
0000107b  T32_INTC_IRQHandler           
0000107b  TA0_0_IRQHandler              
0000107b  TA0_N_IRQHandler              
0000107b  TA1_0_IRQHandler              
0000107b  TA1_N_IRQHandler              
0000107b  TA2_0_IRQHandler              
0000107b  TA2_N_IRQHandler              
0000107b  TA3_0_IRQHandler              
0000107b  TA3_N_IRQHandler              
0000107b  UsageFault_Handler            
4000480c  WDTCTL_SYM                    
0000107b  WDT_A_IRQHandler              
0000103f  WaitForInterrupt              
20010000  __STACK_END                   
00000200  __STACK_SIZE                  
000011e8  __TI_CINIT_Base               
000011f8  __TI_CINIT_Limit              
000011d0  __TI_Handler_Table_Base       
000011dc  __TI_Handler_Table_Limit      
00000f69  __TI_auto_init_nobinit_nopinit
00000f01  __TI_decompress_lzss          
00001061  __TI_decompress_none          
ffffffff  __TI_pprof_out_hndl           
ffffffff  __TI_prof_data_size           
ffffffff  __TI_prof_data_start          
00000000  __TI_static_base__            
00001045  __TI_zero_init_nomemset       
00000e65  __aeabi_memcpy                
00000e65  __aeabi_memcpy4               
00000e65  __aeabi_memcpy8               
ffffffff  __binit__                     
ffffffff  __c_args__                    
UNDEFED   __mpu_init                    
2000fe00  __stack                       
20000000  __start___llvm_prf_cnts       
20000000  __stop___llvm_prf_cnts        
00000fed  _c_int00_noargs               
UNDEFED   _system_post_cinit            
0000107d  _system_pre_init              
00001081  abort                         
ffffffff  binit                         
000009b9  collision                     
20000024  collision_handle              
00000781  delay                         
00001084  fsm                           
00000000  interruptVectors              
00000845  main                          
00000e65  memcpy                        
00000877  motorState                    
2000002a  refl_data                     
0000119c  w                             


GLOBAL SYMBOLS: SORTED BY Symbol Address 

address   name                          
-------   ----                          
00000000  __TI_static_base__            
00000000  interruptVectors              
000000e5  SystemCoreClockUpdate         
00000200  __STACK_SIZE                  
00000359  SystemInit                    
00000411  Reflectance_Init              
0000047b  Reflectance_Read              
000004ed  Reflectance_Position          
000005c9  Reflectance_Start             
000005f9  Reflectance_End               
00000665  Clock_Init48MHz               
0000077b  Clock_GetFreq                 
00000781  delay                         
0000078f  Clock_Delay1us                
000007b9  Clock_Delay1ms                
00000845  main                          
00000877  motorState                    
00000953  SysTick_Handler               
00000953  SysTick_Handler               
000009b9  collision                     
00000a05  Motor_Init                    
00000a8d  Motor_Stop                    
00000aa3  Motor_Forward                 
00000ad3  Motor_Right                   
00000b0d  Motor_Left                    
00000b47  Motor_Backward                
00000ba9  LaunchPad_Init                
00000c19  LaunchPad_Input               
00000c37  LaunchPad_LED                 
00000c55  LaunchPad_Output              
00000ca1  PWM_Init12                    
00000d25  PWM_Duty1                     
00000d45  PWM_Duty2                     
00000d8d  BumpInt_Init                  
00000e03  Bump_Read                     
00000e1d  PORT4_IRQHandler              
00000e1d  PORT4_IRQHandler              
00000e65  __aeabi_memcpy                
00000e65  __aeabi_memcpy4               
00000e65  __aeabi_memcpy8               
00000e65  memcpy                        
00000f01  __TI_decompress_lzss          
00000f69  __TI_auto_init_nobinit_nopinit
00000fad  SysTick_Init                  
00000fed  _c_int00_noargs               
00001021  DisableInterrupts             
00001027  EnableInterrupts              
0000102d  StartCritical                 
00001037  EndCritical                   
0000103f  WaitForInterrupt              
00001045  __TI_zero_init_nomemset       
00001061  __TI_decompress_none          
0000106f  Reset_Handler                 
0000107b  ADC14_IRQHandler              
0000107b  AES256_IRQHandler             
0000107b  BusFault_Handler              
0000107b  COMP_E0_IRQHandler            
0000107b  COMP_E1_IRQHandler            
0000107b  CS_IRQHandler                 
0000107b  DMA_ERR_IRQHandler            
0000107b  DMA_INT0_IRQHandler           
0000107b  DMA_INT1_IRQHandler           
0000107b  DMA_INT2_IRQHandler           
0000107b  DMA_INT3_IRQHandler           
0000107b  DebugMon_Handler              
0000107b  Default_Handler               
0000107b  EUSCIA0_IRQHandler            
0000107b  EUSCIA1_IRQHandler            
0000107b  EUSCIA2_IRQHandler            
0000107b  EUSCIA3_IRQHandler            
0000107b  EUSCIB0_IRQHandler            
0000107b  EUSCIB1_IRQHandler            
0000107b  EUSCIB2_IRQHandler            
0000107b  EUSCIB3_IRQHandler            
0000107b  FLCTL_IRQHandler              
0000107b  FPU_IRQHandler                
0000107b  HardFault_Handler             
0000107b  MemManage_Handler             
0000107b  NMI_Handler                   
0000107b  PCM_IRQHandler                
0000107b  PORT1_IRQHandler              
0000107b  PORT2_IRQHandler              
0000107b  PORT3_IRQHandler              
0000107b  PORT5_IRQHandler              
0000107b  PORT6_IRQHandler              
0000107b  PSS_IRQHandler                
0000107b  PendSV_Handler                
0000107b  RTC_C_IRQHandler              
0000107b  SVC_Handler                   
0000107b  T32_INT1_IRQHandler           
0000107b  T32_INT2_IRQHandler           
0000107b  T32_INTC_IRQHandler           
0000107b  TA0_0_IRQHandler              
0000107b  TA0_N_IRQHandler              
0000107b  TA1_0_IRQHandler              
0000107b  TA1_N_IRQHandler              
0000107b  TA2_0_IRQHandler              
0000107b  TA2_N_IRQHandler              
0000107b  TA3_0_IRQHandler              
0000107b  TA3_N_IRQHandler              
0000107b  UsageFault_Handler            
0000107b  WDT_A_IRQHandler              
0000107d  _system_pre_init              
00001081  C$$EXIT                       
00001081  abort                         
00001084  fsm                           
0000119c  w                             
000011d0  __TI_Handler_Table_Base       
000011dc  __TI_Handler_Table_Limit      
000011e8  __TI_CINIT_Base               
000011f8  __TI_CINIT_Limit              
20000000  ClockFrequency                
20000000  __start___llvm_prf_cnts       
20000000  __stop___llvm_prf_cnts        
20000004  Prewait                       
20000008  CPMwait                       
2000000c  Postwait                      
20000010  IFlags                        
20000014  Crystalstable                 
20000018  SystemCoreClock               
20000020  Spt                           
20000024  collision_handle              
20000028  Input                         
20000029  Output                        
2000002a  refl_data                     
2000fe00  __stack                       
20010000  __STACK_END                   
4000480c  WDTCTL_SYM                    
ffffffff  __TI_pprof_out_hndl           
ffffffff  __TI_prof_data_size           
ffffffff  __TI_prof_data_start          
ffffffff  __binit__                     
ffffffff  __c_args__                    
ffffffff  binit                         
UNDEFED   __mpu_init                    
UNDEFED   _system_post_cinit            

[136 symbols]
