******************************************************************************
                  TI ARM Linker Unix v20.2.7                   
******************************************************************************
>> Linked Mon Apr 24 22:05:06 2023

OUTPUT FILE NAME:   <Lab06_GPIO.out>
ENTRY POINT SYMBOL: "_c_int00_noargs"  address: 00000fe5


MEMORY CONFIGURATION

         name            origin    length      used     unused   attr    fill
----------------------  --------  ---------  --------  --------  ----  --------
  MAIN                  00000000   00040000  000011ec  0003ee14  R  X
  INFO                  00200000   00004000  00000000  00004000  R  X
  SRAM_CODE             01000000   00010000  00000228  0000fdd8  RW X
  SRAM_DATA             20000000   00010000  00000228  0000fdd8  RW  


SEGMENT ALLOCATION MAP

run origin  load origin   length   init length attrs members
----------  ----------- ---------- ----------- ----- -------
00000000    00000000    000011f0   000011f0    r-x
  00000000    00000000    000000e4   000000e4    r-- .intvecs
  000000e4    000000e4    00000f98   00000f98    r-x .text
  0000107c    0000107c    00000138   00000138    r-- .const
  000011b8    000011b8    00000038   00000038    r-- .cinit
20000000    20000000    0000002b   00000000    rw-
  20000000    20000000    0000001d   00000000    rw- .data
  20000020    20000020    0000000b   00000000    rw- .bss
2000fe00    2000fe00    00000200   00000000    rw-
  2000fe00    2000fe00    00000200   00000000    rw- .stack


SECTION ALLOCATION MAP

 output                                  attributes/
section   page    origin      length       input sections
--------  ----  ----------  ----------   ----------------
.intvecs   0    00000000    000000e4     
                  00000000    000000e4     startup_msp432p401r_ccs.obj (.intvecs:retain)

.text      0    000000e4    00000f98     
                  000000e4    0000032c     system_msp432p401r.obj (.text)
                  00000410    0000024c     Reflectance.obj (.text)
                  0000065c    000001e0     Clock.obj (.text)
                  0000083c    000001c0     main.obj (.text)
                  000009fc    000001a4     motorControl.obj (.text)
                  00000ba0    000000f8     LaunchPad.obj (.text)
                  00000c98    000000ec     PWM.obj (.text)
                  00000d84    000000d8     BumpInt.obj (.text)
                  00000e5c    0000009c     rtsv7M4_T_le_v4SPD16_eabi.lib : memcpy_t2.asm.obj (.text)
                  00000ef8    00000068                                   : copy_decompress_lzss.c.obj (.text:decompress:lzss:__TI_decompress_lzss)
                  00000f60    00000044                                   : autoinit.c.obj (.text:__TI_auto_init_nobinit_nopinit:__TI_auto_init_nobinit_nopinit)
                  00000fa4    00000040     SysTickInts.obj (.text)
                  00000fe4    00000034     rtsv7M4_T_le_v4SPD16_eabi.lib : boot_cortex_m.c.obj (.text:_c_int00_noargs:_c_int00_noargs)
                  00001018    00000024     CortexM.obj (.text)
                  0000103c    0000001c     rtsv7M4_T_le_v4SPD16_eabi.lib : copy_zero_init.c.obj (.text:decompress:ZI:__TI_zero_init_nomemset:__TI_zero_init_nomemset)
                  00001058    0000000e                                   : copy_decompress_none.c.obj (.text:decompress:none:__TI_decompress_none)
                  00001066    0000000e     startup_msp432p401r_ccs.obj (.text)
                  00001074    00000004     rtsv7M4_T_le_v4SPD16_eabi.lib : pre_init.c.obj (.text:_system_pre_init)
                  00001078    00000004                                   : exit.c.obj (.text:abort:abort)

.const     0    0000107c    00000138     
                  0000107c    00000118     main.obj (.const:fsm)
                  00001194    00000020     Reflectance.obj (.const:w)

.cinit     0    000011b8    00000038     
                  000011b8    0000000d     (.cinit..data.load) [load image, compression = lzss]
                  000011c5    00000003     --HOLE-- [fill = 0]
                  000011c8    0000000c     (__TI_handler_table)
                  000011d4    00000004     --HOLE-- [fill = 0]
                  000011d8    00000008     (.cinit..bss.load) [load image, compression = zero_init]
                  000011e0    00000010     (__TI_cinit_table)

.init_array 
*          0    00000000    00000000     UNINITIALIZED

.binit     0    00000000    00000000     

.data      0    20000000    0000001d     UNINITIALIZED
                  20000000    00000018     Clock.obj (.data)
                  20000018    00000004     system_msp432p401r.obj (.data)
                  2000001c    00000001     main.obj (.data)

.bss       0    20000020    0000000b     UNINITIALIZED
                  20000020    00000004     (.common:Spt)
                  20000024    00000004     (.common:collision_handle)
                  20000028    00000001     (.common:Input)
                  20000029    00000001     (.common:Output)
                  2000002a    00000001     (.common:refl_data)

.stack     0    2000fe00    00000200     UNINITIALIZED
                  2000fe00    00000004     rtsv7M4_T_le_v4SPD16_eabi.lib : boot_cortex_m.c.obj (.stack)
                  2000fe04    000001fc     --HOLE--

__llvm_prf_cnts 
*          0    20000000    00000000     UNINITIALIZED

MODULE SUMMARY

       Module                        code   ro data   rw data
       ------                        ----   -------   -------
    ./
       system_msp432p401r.obj        812    0         8      
       main.obj                      448    280       16     
       Reflectance.obj               588    32        0      
       Clock.obj                     480    0         48     
       motorControl.obj              420    0         0      
       LaunchPad.obj                 248    0         0      
       startup_msp432p401r_ccs.obj   14     228       0      
       PWM.obj                       236    0         0      
       BumpInt.obj                   216    0         8      
       SysTickInts.obj               64     0         0      
       CortexM.obj                   36     0         0      
    +--+-----------------------------+------+---------+---------+
       Total:                        3562   540       80     
                                                             
    /home/juin/ti/ccs1210/ccs/tools/compiler/ti-cgt-arm_20.2.7.LTS/lib/rtsv7M4_T_le_v4SPD16_eabi.lib
       memcpy_t2.asm.obj             156    0         0      
       copy_decompress_lzss.c.obj    104    0         0      
       autoinit.c.obj                68     0         0      
       boot_cortex_m.c.obj           52     0         0      
       copy_zero_init.c.obj          28     0         0      
       copy_decompress_none.c.obj    14     0         0      
       exit.c.obj                    4      0         0      
       pre_init.c.obj                4      0         0      
    +--+-----------------------------+------+---------+---------+
       Total:                        430    0         0      
                                                             
       Stack:                        0      0         1024   
       Linker Generated:             0      49        0      
    +--+-----------------------------+------+---------+---------+
       Grand Total:                  3992   589       1104   


LINKER GENERATED COPY TABLES

__TI_cinit_table @ 000011e0 records: 2, size/record: 8, table size: 16
	.data: load addr=000011b8, load size=0000000d bytes, run addr=20000000, run size=0000001d bytes, compression=lzss
	.bss: load addr=000011d8, load size=00000008 bytes, run addr=20000020, run size=0000000b bytes, compression=zero_init


LINKER GENERATED HANDLER TABLE

__TI_handler_table @ 000011c8 records: 3, size/record: 4, table size: 12
	index: 0, handler: __TI_decompress_lzss
	index: 1, handler: __TI_decompress_none
	index: 2, handler: __TI_zero_init


GLOBAL SYMBOLS: SORTED ALPHABETICALLY BY Name 

address   name                          
-------   ----                          
00001073  ADC14_IRQHandler              
00001073  AES256_IRQHandler             
00000d85  BumpInt_Init                  
00000dfb  Bump_Read                     
00001073  BusFault_Handler              
00001079  C$$EXIT                       
00001073  COMP_E0_IRQHandler            
00001073  COMP_E1_IRQHandler            
20000008  CPMwait                       
00001073  CS_IRQHandler                 
20000000  ClockFrequency                
000007b1  Clock_Delay1ms                
00000787  Clock_Delay1us                
00000773  Clock_GetFreq                 
0000065d  Clock_Init48MHz               
20000014  Crystalstable                 
00001073  DMA_ERR_IRQHandler            
00001073  DMA_INT0_IRQHandler           
00001073  DMA_INT1_IRQHandler           
00001073  DMA_INT2_IRQHandler           
00001073  DMA_INT3_IRQHandler           
00001073  DebugMon_Handler              
00001073  Default_Handler               
00001019  DisableInterrupts             
00001073  EUSCIA0_IRQHandler            
00001073  EUSCIA1_IRQHandler            
00001073  EUSCIA2_IRQHandler            
00001073  EUSCIA3_IRQHandler            
00001073  EUSCIB0_IRQHandler            
00001073  EUSCIB1_IRQHandler            
00001073  EUSCIB2_IRQHandler            
00001073  EUSCIB3_IRQHandler            
0000101f  EnableInterrupts              
0000102f  EndCritical                   
00001073  FLCTL_IRQHandler              
00001073  FPU_IRQHandler                
00001073  HardFault_Handler             
20000010  IFlags                        
20000028  Input                         
00000ba1  LaunchPad_Init                
00000c11  LaunchPad_Input               
00000c2f  LaunchPad_LED                 
00000c4d  LaunchPad_Output              
00001073  MemManage_Handler             
00000b3f  Motor_Backward                
00000a9b  Motor_Forward                 
000009fd  Motor_Init                    
00000b05  Motor_Left                    
00000acb  Motor_Right                   
00000a85  Motor_Stop                    
00001073  NMI_Handler                   
20000029  Output                        
00001073  PCM_IRQHandler                
00001073  PORT1_IRQHandler              
00001073  PORT2_IRQHandler              
00001073  PORT3_IRQHandler              
00000e15  PORT4_IRQHandler              
00000e15  PORT4_IRQHandler              
00001073  PORT5_IRQHandler              
00001073  PORT6_IRQHandler              
00001073  PSS_IRQHandler                
00000d1d  PWM_Duty1                     
00000d3d  PWM_Duty2                     
00000c99  PWM_Init12                    
00001073  PendSV_Handler                
2000000c  Postwait                      
20000004  Prewait                       
00001073  RTC_C_IRQHandler              
000005f5  Reflectance_End               
00000411  Reflectance_Init              
000004ed  Reflectance_Position          
0000047b  Reflectance_Read              
000005c5  Reflectance_Start             
00001067  Reset_Handler                 
00001073  SVC_Handler                   
20000020  Spt                           
00001025  StartCritical                 
0000094b  SysTick_Handler               
0000094b  SysTick_Handler               
00000fa5  SysTick_Init                  
20000018  SystemCoreClock               
000000e5  SystemCoreClockUpdate         
00000359  SystemInit                    
00001073  T32_INT1_IRQHandler           
00001073  T32_INT2_IRQHandler           
00001073  T32_INTC_IRQHandler           
00001073  TA0_0_IRQHandler              
00001073  TA0_N_IRQHandler              
00001073  TA1_0_IRQHandler              
00001073  TA1_N_IRQHandler              
00001073  TA2_0_IRQHandler              
00001073  TA2_N_IRQHandler              
00001073  TA3_0_IRQHandler              
00001073  TA3_N_IRQHandler              
00001073  UsageFault_Handler            
4000480c  WDTCTL_SYM                    
00001073  WDT_A_IRQHandler              
00001037  WaitForInterrupt              
20010000  __STACK_END                   
00000200  __STACK_SIZE                  
000011e0  __TI_CINIT_Base               
000011f0  __TI_CINIT_Limit              
000011c8  __TI_Handler_Table_Base       
000011d4  __TI_Handler_Table_Limit      
00000f61  __TI_auto_init_nobinit_nopinit
00000ef9  __TI_decompress_lzss          
00001059  __TI_decompress_none          
ffffffff  __TI_pprof_out_hndl           
ffffffff  __TI_prof_data_size           
ffffffff  __TI_prof_data_start          
00000000  __TI_static_base__            
0000103d  __TI_zero_init_nomemset       
00000e5d  __aeabi_memcpy                
00000e5d  __aeabi_memcpy4               
00000e5d  __aeabi_memcpy8               
ffffffff  __binit__                     
ffffffff  __c_args__                    
UNDEFED   __mpu_init                    
2000fe00  __stack                       
20000000  __start___llvm_prf_cnts       
20000000  __stop___llvm_prf_cnts        
00000fe5  _c_int00_noargs               
UNDEFED   _system_post_cinit            
00001075  _system_pre_init              
00001079  abort                         
ffffffff  binit                         
000009b1  collision                     
20000024  collision_handle              
00000779  delay                         
0000107c  fsm                           
00000000  interruptVectors              
0000083d  main                          
00000e5d  memcpy                        
0000086f  motorState                    
2000002a  refl_data                     
00001194  w                             


GLOBAL SYMBOLS: SORTED BY Symbol Address 

address   name                          
-------   ----                          
00000000  __TI_static_base__            
00000000  interruptVectors              
000000e5  SystemCoreClockUpdate         
00000200  __STACK_SIZE                  
00000359  SystemInit                    
00000411  Reflectance_Init              
0000047b  Reflectance_Read              
000004ed  Reflectance_Position          
000005c5  Reflectance_Start             
000005f5  Reflectance_End               
0000065d  Clock_Init48MHz               
00000773  Clock_GetFreq                 
00000779  delay                         
00000787  Clock_Delay1us                
000007b1  Clock_Delay1ms                
0000083d  main                          
0000086f  motorState                    
0000094b  SysTick_Handler               
0000094b  SysTick_Handler               
000009b1  collision                     
000009fd  Motor_Init                    
00000a85  Motor_Stop                    
00000a9b  Motor_Forward                 
00000acb  Motor_Right                   
00000b05  Motor_Left                    
00000b3f  Motor_Backward                
00000ba1  LaunchPad_Init                
00000c11  LaunchPad_Input               
00000c2f  LaunchPad_LED                 
00000c4d  LaunchPad_Output              
00000c99  PWM_Init12                    
00000d1d  PWM_Duty1                     
00000d3d  PWM_Duty2                     
00000d85  BumpInt_Init                  
00000dfb  Bump_Read                     
00000e15  PORT4_IRQHandler              
00000e15  PORT4_IRQHandler              
00000e5d  __aeabi_memcpy                
00000e5d  __aeabi_memcpy4               
00000e5d  __aeabi_memcpy8               
00000e5d  memcpy                        
00000ef9  __TI_decompress_lzss          
00000f61  __TI_auto_init_nobinit_nopinit
00000fa5  SysTick_Init                  
00000fe5  _c_int00_noargs               
00001019  DisableInterrupts             
0000101f  EnableInterrupts              
00001025  StartCritical                 
0000102f  EndCritical                   
00001037  WaitForInterrupt              
0000103d  __TI_zero_init_nomemset       
00001059  __TI_decompress_none          
00001067  Reset_Handler                 
00001073  ADC14_IRQHandler              
00001073  AES256_IRQHandler             
00001073  BusFault_Handler              
00001073  COMP_E0_IRQHandler            
00001073  COMP_E1_IRQHandler            
00001073  CS_IRQHandler                 
00001073  DMA_ERR_IRQHandler            
00001073  DMA_INT0_IRQHandler           
00001073  DMA_INT1_IRQHandler           
00001073  DMA_INT2_IRQHandler           
00001073  DMA_INT3_IRQHandler           
00001073  DebugMon_Handler              
00001073  Default_Handler               
00001073  EUSCIA0_IRQHandler            
00001073  EUSCIA1_IRQHandler            
00001073  EUSCIA2_IRQHandler            
00001073  EUSCIA3_IRQHandler            
00001073  EUSCIB0_IRQHandler            
00001073  EUSCIB1_IRQHandler            
00001073  EUSCIB2_IRQHandler            
00001073  EUSCIB3_IRQHandler            
00001073  FLCTL_IRQHandler              
00001073  FPU_IRQHandler                
00001073  HardFault_Handler             
00001073  MemManage_Handler             
00001073  NMI_Handler                   
00001073  PCM_IRQHandler                
00001073  PORT1_IRQHandler              
00001073  PORT2_IRQHandler              
00001073  PORT3_IRQHandler              
00001073  PORT5_IRQHandler              
00001073  PORT6_IRQHandler              
00001073  PSS_IRQHandler                
00001073  PendSV_Handler                
00001073  RTC_C_IRQHandler              
00001073  SVC_Handler                   
00001073  T32_INT1_IRQHandler           
00001073  T32_INT2_IRQHandler           
00001073  T32_INTC_IRQHandler           
00001073  TA0_0_IRQHandler              
00001073  TA0_N_IRQHandler              
00001073  TA1_0_IRQHandler              
00001073  TA1_N_IRQHandler              
00001073  TA2_0_IRQHandler              
00001073  TA2_N_IRQHandler              
00001073  TA3_0_IRQHandler              
00001073  TA3_N_IRQHandler              
00001073  UsageFault_Handler            
00001073  WDT_A_IRQHandler              
00001075  _system_pre_init              
00001079  C$$EXIT                       
00001079  abort                         
0000107c  fsm                           
00001194  w                             
000011c8  __TI_Handler_Table_Base       
000011d4  __TI_Handler_Table_Limit      
000011e0  __TI_CINIT_Base               
000011f0  __TI_CINIT_Limit              
20000000  ClockFrequency                
20000000  __start___llvm_prf_cnts       
20000000  __stop___llvm_prf_cnts        
20000004  Prewait                       
20000008  CPMwait                       
2000000c  Postwait                      
20000010  IFlags                        
20000014  Crystalstable                 
20000018  SystemCoreClock               
20000020  Spt                           
20000024  collision_handle              
20000028  Input                         
20000029  Output                        
2000002a  refl_data                     
2000fe00  __stack                       
20010000  __STACK_END                   
4000480c  WDTCTL_SYM                    
ffffffff  __TI_pprof_out_hndl           
ffffffff  __TI_prof_data_size           
ffffffff  __TI_prof_data_start          
ffffffff  __binit__                     
ffffffff  __c_args__                    
ffffffff  binit                         
UNDEFED   __mpu_init                    
UNDEFED   _system_post_cinit            

[136 symbols]
