******************************************************************************
                  TI ARM Linker Unix v20.2.7                   
******************************************************************************
>> Linked Wed Mar  1 15:30:50 2023

OUTPUT FILE NAME:   <Lab06_GPIO.out>
ENTRY POINT SYMBOL: "_c_int00_noargs"  address: 00000fa9


MEMORY CONFIGURATION

         name            origin    length      used     unused   attr    fill
----------------------  --------  ---------  --------  --------  ----  --------
  MAIN                  00000000   00040000  00001138  0003eec8  R  X
  INFO                  00200000   00004000  00000000  00004000  R  X
  SRAM_CODE             01000000   00010000  00000228  0000fdd8  RW X
  SRAM_DATA             20000000   00010000  00000228  0000fdd8  RW  


SEGMENT ALLOCATION MAP

run origin  load origin   length   init length attrs members
----------  ----------- ---------- ----------- ----- -------
00000000    00000000    00001138   00001138    r-x
  00000000    00000000    000000e4   000000e4    r-- .intvecs
  000000e4    000000e4    00000f5c   00000f5c    r-x .text
  00001040    00001040    000000c0   000000c0    r-- .const
  00001100    00001100    00000038   00000038    r-- .cinit
20000000    20000000    0000002b   00000000    rw-
  20000000    20000000    0000001d   00000000    rw- .data
  20000020    20000020    0000000b   00000000    rw- .bss
2000fe00    2000fe00    00000200   00000000    rw-
  2000fe00    2000fe00    00000200   00000000    rw- .stack


SECTION ALLOCATION MAP

 output                                  attributes/
section   page    origin      length       input sections
--------  ----  ----------  ----------   ----------------
.intvecs   0    00000000    000000e4     
                  00000000    000000e4     startup_msp432p401r_ccs.obj (.intvecs:retain)

.text      0    000000e4    00000f5c     
                  000000e4    0000032c     system_msp432p401r.obj (.text)
                  00000410    00000230     Reflectance.obj (.text)
                  00000640    000001e0     Clock.obj (.text)
                  00000820    000001a4     motorControl.obj (.text)
                  000009c4    000001a0     main.obj (.text)
                  00000b64    000000f8     LaunchPad.obj (.text)
                  00000c5c    000000ec     PWM.obj (.text)
                  00000d48    000000d8     BumpInt.obj (.text)
                  00000e20    0000009c     rtsv7M4_T_le_v4SPD16_eabi.lib : memcpy_t2.asm.obj (.text)
                  00000ebc    00000068                                   : copy_decompress_lzss.c.obj (.text:decompress:lzss:__TI_decompress_lzss)
                  00000f24    00000044                                   : autoinit.c.obj (.text:__TI_auto_init_nobinit_nopinit:__TI_auto_init_nobinit_nopinit)
                  00000f68    00000040     SysTickInts.obj (.text)
                  00000fa8    00000034     rtsv7M4_T_le_v4SPD16_eabi.lib : boot_cortex_m.c.obj (.text:_c_int00_noargs:_c_int00_noargs)
                  00000fdc    00000024     CortexM.obj (.text)
                  00001000    0000001c     rtsv7M4_T_le_v4SPD16_eabi.lib : copy_zero_init.c.obj (.text:decompress:ZI:__TI_zero_init_nomemset:__TI_zero_init_nomemset)
                  0000101c    0000000e                                   : copy_decompress_none.c.obj (.text:decompress:none:__TI_decompress_none)
                  0000102a    0000000e     startup_msp432p401r_ccs.obj (.text)
                  00001038    00000004     rtsv7M4_T_le_v4SPD16_eabi.lib : pre_init.c.obj (.text:_system_pre_init)
                  0000103c    00000004                                   : exit.c.obj (.text:abort:abort)

.const     0    00001040    000000c0     
                  00001040    000000a0     main.obj (.const:fsm)
                  000010e0    00000020     Reflectance.obj (.const:w)

.cinit     0    00001100    00000038     
                  00001100    0000000d     (.cinit..data.load) [load image, compression = lzss]
                  0000110d    00000003     --HOLE-- [fill = 0]
                  00001110    0000000c     (__TI_handler_table)
                  0000111c    00000004     --HOLE-- [fill = 0]
                  00001120    00000008     (.cinit..bss.load) [load image, compression = zero_init]
                  00001128    00000010     (__TI_cinit_table)

.init_array 
*          0    00000000    00000000     UNINITIALIZED

.binit     0    00000000    00000000     

.data      0    20000000    0000001d     UNINITIALIZED
                  20000000    00000018     Clock.obj (.data)
                  20000018    00000004     system_msp432p401r.obj (.data)
                  2000001c    00000001     main.obj (.data)

.bss       0    20000020    0000000b     UNINITIALIZED
                  20000020    00000004     (.common:Spt)
                  20000024    00000004     (.common:collision_handle)
                  20000028    00000001     (.common:Input)
                  20000029    00000001     (.common:Output)
                  2000002a    00000001     (.common:refl_data)

.stack     0    2000fe00    00000200     UNINITIALIZED
                  2000fe00    00000004     rtsv7M4_T_le_v4SPD16_eabi.lib : boot_cortex_m.c.obj (.stack)
                  2000fe04    000001fc     --HOLE--

__llvm_prf_cnts 
*          0    20000000    00000000     UNINITIALIZED

MODULE SUMMARY

       Module                        code   ro data   rw data
       ------                        ----   -------   -------
    ./
       system_msp432p401r.obj        812    0         8      
       Reflectance.obj               560    32        0      
       main.obj                      416    160       16     
       Clock.obj                     480    0         48     
       motorControl.obj              420    0         0      
       LaunchPad.obj                 248    0         0      
       startup_msp432p401r_ccs.obj   14     228       0      
       PWM.obj                       236    0         0      
       BumpInt.obj                   216    0         8      
       SysTickInts.obj               64     0         0      
       CortexM.obj                   36     0         0      
    +--+-----------------------------+------+---------+---------+
       Total:                        3502   420       80     
                                                             
    /home/juin/ti/ccs1210/ccs/tools/compiler/ti-cgt-arm_20.2.7.LTS/lib/rtsv7M4_T_le_v4SPD16_eabi.lib
       memcpy_t2.asm.obj             156    0         0      
       copy_decompress_lzss.c.obj    104    0         0      
       autoinit.c.obj                68     0         0      
       boot_cortex_m.c.obj           52     0         0      
       copy_zero_init.c.obj          28     0         0      
       copy_decompress_none.c.obj    14     0         0      
       exit.c.obj                    4      0         0      
       pre_init.c.obj                4      0         0      
    +--+-----------------------------+------+---------+---------+
       Total:                        430    0         0      
                                                             
       Stack:                        0      0         1024   
       Linker Generated:             0      49        0      
    +--+-----------------------------+------+---------+---------+
       Grand Total:                  3932   469       1104   


LINKER GENERATED COPY TABLES

__TI_cinit_table @ 00001128 records: 2, size/record: 8, table size: 16
	.data: load addr=00001100, load size=0000000d bytes, run addr=20000000, run size=0000001d bytes, compression=lzss
	.bss: load addr=00001120, load size=00000008 bytes, run addr=20000020, run size=0000000b bytes, compression=zero_init


LINKER GENERATED HANDLER TABLE

__TI_handler_table @ 00001110 records: 3, size/record: 4, table size: 12
	index: 0, handler: __TI_decompress_lzss
	index: 1, handler: __TI_decompress_none
	index: 2, handler: __TI_zero_init


GLOBAL SYMBOLS: SORTED ALPHABETICALLY BY Name 

address   name                          
-------   ----                          
00001037  ADC14_IRQHandler              
00001037  AES256_IRQHandler             
00000d49  BumpInt_Init                  
00000dbf  Bump_Read                     
00001037  BusFault_Handler              
0000103d  C$$EXIT                       
00001037  COMP_E0_IRQHandler            
00001037  COMP_E1_IRQHandler            
20000008  CPMwait                       
00001037  CS_IRQHandler                 
20000000  ClockFrequency                
00000795  Clock_Delay1ms                
0000076b  Clock_Delay1us                
00000757  Clock_GetFreq                 
00000641  Clock_Init48MHz               
20000014  Crystalstable                 
00001037  DMA_ERR_IRQHandler            
00001037  DMA_INT0_IRQHandler           
00001037  DMA_INT1_IRQHandler           
00001037  DMA_INT2_IRQHandler           
00001037  DMA_INT3_IRQHandler           
00001037  DebugMon_Handler              
00001037  Default_Handler               
00000fdd  DisableInterrupts             
00001037  EUSCIA0_IRQHandler            
00001037  EUSCIA1_IRQHandler            
00001037  EUSCIA2_IRQHandler            
00001037  EUSCIA3_IRQHandler            
00001037  EUSCIB0_IRQHandler            
00001037  EUSCIB1_IRQHandler            
00001037  EUSCIB2_IRQHandler            
00001037  EUSCIB3_IRQHandler            
00000fe3  EnableInterrupts              
00000ff3  EndCritical                   
00001037  FLCTL_IRQHandler              
00001037  FPU_IRQHandler                
00001037  HardFault_Handler             
20000010  IFlags                        
20000028  Input                         
00000b65  LaunchPad_Init                
00000bd5  LaunchPad_Input               
00000bf3  LaunchPad_LED                 
00000c11  LaunchPad_Output              
00001037  MemManage_Handler             
00000963  Motor_Backward                
000008bf  Motor_Forward                 
00000821  Motor_Init                    
00000929  Motor_Left                    
000008ef  Motor_Right                   
000008a9  Motor_Stop                    
00001037  NMI_Handler                   
20000029  Output                        
00001037  PCM_IRQHandler                
00001037  PORT1_IRQHandler              
00001037  PORT2_IRQHandler              
00001037  PORT3_IRQHandler              
00000dd9  PORT4_IRQHandler              
00000dd9  PORT4_IRQHandler              
00001037  PORT5_IRQHandler              
00001037  PORT6_IRQHandler              
00001037  PSS_IRQHandler                
00000ce1  PWM_Duty1                     
00000d01  PWM_Duty2                     
00000c5d  PWM_Init12                    
00001037  PendSV_Handler                
2000000c  Postwait                      
20000004  Prewait                       
00001037  RTC_C_IRQHandler              
000005d7  Reflectance_End               
00000411  Reflectance_Init              
000004ed  Reflectance_Position          
0000047b  Reflectance_Read              
000005a7  Reflectance_Start             
0000102b  Reset_Handler                 
00001037  SVC_Handler                   
20000020  Spt                           
00000fe9  StartCritical                 
00000ab3  SysTick_Handler               
00000ab3  SysTick_Handler               
00000f69  SysTick_Init                  
20000018  SystemCoreClock               
000000e5  SystemCoreClockUpdate         
00000359  SystemInit                    
00001037  T32_INT1_IRQHandler           
00001037  T32_INT2_IRQHandler           
00001037  T32_INTC_IRQHandler           
00001037  TA0_0_IRQHandler              
00001037  TA0_N_IRQHandler              
00001037  TA1_0_IRQHandler              
00001037  TA1_N_IRQHandler              
00001037  TA2_0_IRQHandler              
00001037  TA2_N_IRQHandler              
00001037  TA3_0_IRQHandler              
00001037  TA3_N_IRQHandler              
00001037  UsageFault_Handler            
4000480c  WDTCTL_SYM                    
00001037  WDT_A_IRQHandler              
00000ffb  WaitForInterrupt              
20010000  __STACK_END                   
00000200  __STACK_SIZE                  
00001128  __TI_CINIT_Base               
00001138  __TI_CINIT_Limit              
00001110  __TI_Handler_Table_Base       
0000111c  __TI_Handler_Table_Limit      
00000f25  __TI_auto_init_nobinit_nopinit
00000ebd  __TI_decompress_lzss          
0000101d  __TI_decompress_none          
ffffffff  __TI_pprof_out_hndl           
ffffffff  __TI_prof_data_size           
ffffffff  __TI_prof_data_start          
00000000  __TI_static_base__            
00001001  __TI_zero_init_nomemset       
00000e21  __aeabi_memcpy                
00000e21  __aeabi_memcpy4               
00000e21  __aeabi_memcpy8               
ffffffff  __binit__                     
ffffffff  __c_args__                    
UNDEFED   __mpu_init                    
2000fe00  __stack                       
20000000  __start___llvm_prf_cnts       
20000000  __stop___llvm_prf_cnts        
00000fa9  _c_int00_noargs               
UNDEFED   _system_post_cinit            
00001039  _system_pre_init              
0000103d  abort                         
ffffffff  binit                         
00000b19  collision                     
20000024  collision_handle              
0000075d  delay                         
00001040  fsm                           
00000000  interruptVectors              
000009c5  main                          
00000e21  memcpy                        
000009f7  motorState                    
2000002a  refl_data                     
000010e0  w                             


GLOBAL SYMBOLS: SORTED BY Symbol Address 

address   name                          
-------   ----                          
00000000  __TI_static_base__            
00000000  interruptVectors              
000000e5  SystemCoreClockUpdate         
00000200  __STACK_SIZE                  
00000359  SystemInit                    
00000411  Reflectance_Init              
0000047b  Reflectance_Read              
000004ed  Reflectance_Position          
000005a7  Reflectance_Start             
000005d7  Reflectance_End               
00000641  Clock_Init48MHz               
00000757  Clock_GetFreq                 
0000075d  delay                         
0000076b  Clock_Delay1us                
00000795  Clock_Delay1ms                
00000821  Motor_Init                    
000008a9  Motor_Stop                    
000008bf  Motor_Forward                 
000008ef  Motor_Right                   
00000929  Motor_Left                    
00000963  Motor_Backward                
000009c5  main                          
000009f7  motorState                    
00000ab3  SysTick_Handler               
00000ab3  SysTick_Handler               
00000b19  collision                     
00000b65  LaunchPad_Init                
00000bd5  LaunchPad_Input               
00000bf3  LaunchPad_LED                 
00000c11  LaunchPad_Output              
00000c5d  PWM_Init12                    
00000ce1  PWM_Duty1                     
00000d01  PWM_Duty2                     
00000d49  BumpInt_Init                  
00000dbf  Bump_Read                     
00000dd9  PORT4_IRQHandler              
00000dd9  PORT4_IRQHandler              
00000e21  __aeabi_memcpy                
00000e21  __aeabi_memcpy4               
00000e21  __aeabi_memcpy8               
00000e21  memcpy                        
00000ebd  __TI_decompress_lzss          
00000f25  __TI_auto_init_nobinit_nopinit
00000f69  SysTick_Init                  
00000fa9  _c_int00_noargs               
00000fdd  DisableInterrupts             
00000fe3  EnableInterrupts              
00000fe9  StartCritical                 
00000ff3  EndCritical                   
00000ffb  WaitForInterrupt              
00001001  __TI_zero_init_nomemset       
0000101d  __TI_decompress_none          
0000102b  Reset_Handler                 
00001037  ADC14_IRQHandler              
00001037  AES256_IRQHandler             
00001037  BusFault_Handler              
00001037  COMP_E0_IRQHandler            
00001037  COMP_E1_IRQHandler            
00001037  CS_IRQHandler                 
00001037  DMA_ERR_IRQHandler            
00001037  DMA_INT0_IRQHandler           
00001037  DMA_INT1_IRQHandler           
00001037  DMA_INT2_IRQHandler           
00001037  DMA_INT3_IRQHandler           
00001037  DebugMon_Handler              
00001037  Default_Handler               
00001037  EUSCIA0_IRQHandler            
00001037  EUSCIA1_IRQHandler            
00001037  EUSCIA2_IRQHandler            
00001037  EUSCIA3_IRQHandler            
00001037  EUSCIB0_IRQHandler            
00001037  EUSCIB1_IRQHandler            
00001037  EUSCIB2_IRQHandler            
00001037  EUSCIB3_IRQHandler            
00001037  FLCTL_IRQHandler              
00001037  FPU_IRQHandler                
00001037  HardFault_Handler             
00001037  MemManage_Handler             
00001037  NMI_Handler                   
00001037  PCM_IRQHandler                
00001037  PORT1_IRQHandler              
00001037  PORT2_IRQHandler              
00001037  PORT3_IRQHandler              
00001037  PORT5_IRQHandler              
00001037  PORT6_IRQHandler              
00001037  PSS_IRQHandler                
00001037  PendSV_Handler                
00001037  RTC_C_IRQHandler              
00001037  SVC_Handler                   
00001037  T32_INT1_IRQHandler           
00001037  T32_INT2_IRQHandler           
00001037  T32_INTC_IRQHandler           
00001037  TA0_0_IRQHandler              
00001037  TA0_N_IRQHandler              
00001037  TA1_0_IRQHandler              
00001037  TA1_N_IRQHandler              
00001037  TA2_0_IRQHandler              
00001037  TA2_N_IRQHandler              
00001037  TA3_0_IRQHandler              
00001037  TA3_N_IRQHandler              
00001037  UsageFault_Handler            
00001037  WDT_A_IRQHandler              
00001039  _system_pre_init              
0000103d  C$$EXIT                       
0000103d  abort                         
00001040  fsm                           
000010e0  w                             
00001110  __TI_Handler_Table_Base       
0000111c  __TI_Handler_Table_Limit      
00001128  __TI_CINIT_Base               
00001138  __TI_CINIT_Limit              
20000000  ClockFrequency                
20000000  __start___llvm_prf_cnts       
20000000  __stop___llvm_prf_cnts        
20000004  Prewait                       
20000008  CPMwait                       
2000000c  Postwait                      
20000010  IFlags                        
20000014  Crystalstable                 
20000018  SystemCoreClock               
20000020  Spt                           
20000024  collision_handle              
20000028  Input                         
20000029  Output                        
2000002a  refl_data                     
2000fe00  __stack                       
20010000  __STACK_END                   
4000480c  WDTCTL_SYM                    
ffffffff  __TI_pprof_out_hndl           
ffffffff  __TI_prof_data_size           
ffffffff  __TI_prof_data_start          
ffffffff  __binit__                     
ffffffff  __c_args__                    
ffffffff  binit                         
UNDEFED   __mpu_init                    
UNDEFED   _system_post_cinit            

[136 symbols]
