******************************************************************************
                  TI ARM Linker Unix v20.2.7                   
******************************************************************************
>> Linked Tue Feb 28 12:59:55 2023

OUTPUT FILE NAME:   <Lab06_GPIO.out>
ENTRY POINT SYMBOL: "_c_int00_noargs"  address: 00000e79


MEMORY CONFIGURATION

         name            origin    length      used     unused   attr    fill
----------------------  --------  ---------  --------  --------  ----  --------
  MAIN                  00000000   00040000  00001008  0003eff8  R  X
  INFO                  00200000   00004000  00000000  00004000  R  X
  SRAM_CODE             01000000   00010000  00000224  0000fddc  RW X
  SRAM_DATA             20000000   00010000  00000224  0000fddc  RW  


SEGMENT ALLOCATION MAP

run origin  load origin   length   init length attrs members
----------  ----------- ---------- ----------- ----- -------
00000000    00000000    00001008   00001008    r-x
  00000000    00000000    000000e4   000000e4    r-- .intvecs
  000000e4    000000e4    00000e2c   00000e2c    r-x .text
  00000f10    00000f10    000000c0   000000c0    r-- .const
  00000fd0    00000fd0    00000038   00000038    r-- .cinit
20000000    20000000    00000027   00000000    rw-
  20000000    20000000    0000001d   00000000    rw- .data
  20000020    20000020    00000007   00000000    rw- .bss
2000fe00    2000fe00    00000200   00000000    rw-
  2000fe00    2000fe00    00000200   00000000    rw- .stack


SECTION ALLOCATION MAP

 output                                  attributes/
section   page    origin      length       input sections
--------  ----  ----------  ----------   ----------------
.intvecs   0    00000000    000000e4     
                  00000000    000000e4     startup_msp432p401r_ccs.obj (.intvecs:retain)

.text      0    000000e4    00000e2c     
                  000000e4    0000032c     system_msp432p401r.obj (.text)
                  00000410    00000228     Reflectance.obj (.text)
                  00000638    000001e0     Clock.obj (.text)
                  00000818    000001a4     motorControl.obj (.text)
                  000009bc    00000168     main.obj (.text)
                  00000b24    000000f8     LaunchPad.obj (.text)
                  00000c1c    000000d4     PWM.obj (.text)
                  00000cf0    0000009c     rtsv7M4_T_le_v4SPD16_eabi.lib : memcpy_t2.asm.obj (.text)
                  00000d8c    00000068                                   : copy_decompress_lzss.c.obj (.text:decompress:lzss:__TI_decompress_lzss)
                  00000df4    00000044                                   : autoinit.c.obj (.text:__TI_auto_init_nobinit_nopinit:__TI_auto_init_nobinit_nopinit)
                  00000e38    00000040     SysTickInts.obj (.text)
                  00000e78    00000034     rtsv7M4_T_le_v4SPD16_eabi.lib : boot_cortex_m.c.obj (.text:_c_int00_noargs:_c_int00_noargs)
                  00000eac    00000024     CortexM.obj (.text)
                  00000ed0    0000001c     rtsv7M4_T_le_v4SPD16_eabi.lib : copy_zero_init.c.obj (.text:decompress:ZI:__TI_zero_init_nomemset:__TI_zero_init_nomemset)
                  00000eec    0000000e                                   : copy_decompress_none.c.obj (.text:decompress:none:__TI_decompress_none)
                  00000efa    0000000e     startup_msp432p401r_ccs.obj (.text)
                  00000f08    00000004     rtsv7M4_T_le_v4SPD16_eabi.lib : pre_init.c.obj (.text:_system_pre_init)
                  00000f0c    00000004                                   : exit.c.obj (.text:abort:abort)

.const     0    00000f10    000000c0     
                  00000f10    000000a0     main.obj (.const:fsm)
                  00000fb0    00000020     Reflectance.obj (.const:w)

.cinit     0    00000fd0    00000038     
                  00000fd0    0000000d     (.cinit..data.load) [load image, compression = lzss]
                  00000fdd    00000003     --HOLE-- [fill = 0]
                  00000fe0    0000000c     (__TI_handler_table)
                  00000fec    00000004     --HOLE-- [fill = 0]
                  00000ff0    00000008     (.cinit..bss.load) [load image, compression = zero_init]
                  00000ff8    00000010     (__TI_cinit_table)

.init_array 
*          0    00000000    00000000     UNINITIALIZED

.binit     0    00000000    00000000     

.data      0    20000000    0000001d     UNINITIALIZED
                  20000000    00000018     Clock.obj (.data)
                  20000018    00000004     system_msp432p401r.obj (.data)
                  2000001c    00000001     main.obj (.data)

.bss       0    20000020    00000007     UNINITIALIZED
                  20000020    00000004     (.common:Spt)
                  20000024    00000001     (.common:Input)
                  20000025    00000001     (.common:Output)
                  20000026    00000001     (.common:refl_data)

.stack     0    2000fe00    00000200     UNINITIALIZED
                  2000fe00    00000004     rtsv7M4_T_le_v4SPD16_eabi.lib : boot_cortex_m.c.obj (.stack)
                  2000fe04    000001fc     --HOLE--

__llvm_prf_cnts 
*          0    20000000    00000000     UNINITIALIZED

MODULE SUMMARY

       Module                        code   ro data   rw data
       ------                        ----   -------   -------
    ./
       system_msp432p401r.obj        812    0         8      
       Reflectance.obj               552    32        0      
       main.obj                      360    160       16     
       Clock.obj                     480    0         48     
       motorControl.obj              420    0         0      
       LaunchPad.obj                 248    0         0      
       startup_msp432p401r_ccs.obj   14     228       0      
       PWM.obj                       212    0         0      
       SysTickInts.obj               64     0         0      
       CortexM.obj                   36     0         0      
    +--+-----------------------------+------+---------+---------+
       Total:                        3198   420       72     
                                                             
    /home/juin/ti/ccs1210/ccs/tools/compiler/ti-cgt-arm_20.2.7.LTS/lib/rtsv7M4_T_le_v4SPD16_eabi.lib
       memcpy_t2.asm.obj             156    0         0      
       copy_decompress_lzss.c.obj    104    0         0      
       autoinit.c.obj                68     0         0      
       boot_cortex_m.c.obj           52     0         0      
       copy_zero_init.c.obj          28     0         0      
       copy_decompress_none.c.obj    14     0         0      
       exit.c.obj                    4      0         0      
       pre_init.c.obj                4      0         0      
    +--+-----------------------------+------+---------+---------+
       Total:                        430    0         0      
                                                             
       Stack:                        0      0         1024   
       Linker Generated:             0      49        0      
    +--+-----------------------------+------+---------+---------+
       Grand Total:                  3628   469       1096   


LINKER GENERATED COPY TABLES

__TI_cinit_table @ 00000ff8 records: 2, size/record: 8, table size: 16
	.data: load addr=00000fd0, load size=0000000d bytes, run addr=20000000, run size=0000001d bytes, compression=lzss
	.bss: load addr=00000ff0, load size=00000008 bytes, run addr=20000020, run size=00000007 bytes, compression=zero_init


LINKER GENERATED HANDLER TABLE

__TI_handler_table @ 00000fe0 records: 3, size/record: 4, table size: 12
	index: 0, handler: __TI_decompress_lzss
	index: 1, handler: __TI_decompress_none
	index: 2, handler: __TI_zero_init


GLOBAL SYMBOLS: SORTED ALPHABETICALLY BY Name 

address   name                          
-------   ----                          
00000f07  ADC14_IRQHandler              
00000f07  AES256_IRQHandler             
00000f07  BusFault_Handler              
00000f0d  C$$EXIT                       
00000f07  COMP_E0_IRQHandler            
00000f07  COMP_E1_IRQHandler            
20000008  CPMwait                       
00000f07  CS_IRQHandler                 
20000000  ClockFrequency                
0000078d  Clock_Delay1ms                
00000763  Clock_Delay1us                
0000074f  Clock_GetFreq                 
00000639  Clock_Init48MHz               
20000014  Crystalstable                 
00000f07  DMA_ERR_IRQHandler            
00000f07  DMA_INT0_IRQHandler           
00000f07  DMA_INT1_IRQHandler           
00000f07  DMA_INT2_IRQHandler           
00000f07  DMA_INT3_IRQHandler           
00000f07  DebugMon_Handler              
00000f07  Default_Handler               
00000ead  DisableInterrupts             
00000f07  EUSCIA0_IRQHandler            
00000f07  EUSCIA1_IRQHandler            
00000f07  EUSCIA2_IRQHandler            
00000f07  EUSCIA3_IRQHandler            
00000f07  EUSCIB0_IRQHandler            
00000f07  EUSCIB1_IRQHandler            
00000f07  EUSCIB2_IRQHandler            
00000f07  EUSCIB3_IRQHandler            
00000eb3  EnableInterrupts              
00000ec3  EndCritical                   
00000f07  FLCTL_IRQHandler              
00000f07  FPU_IRQHandler                
00000f07  HardFault_Handler             
20000010  IFlags                        
20000024  Input                         
00000b25  LaunchPad_Init                
00000b95  LaunchPad_Input               
00000bb3  LaunchPad_LED                 
00000bd1  LaunchPad_Output              
00000f07  MemManage_Handler             
0000095b  Motor_Backward                
000008b7  Motor_Forward                 
00000819  Motor_Init                    
00000921  Motor_Left                    
000008e7  Motor_Right                   
000008a1  Motor_Stop                    
00000f07  NMI_Handler                   
20000025  Output                        
00000f07  PCM_IRQHandler                
00000f07  PORT1_IRQHandler              
00000f07  PORT2_IRQHandler              
00000f07  PORT3_IRQHandler              
00000f07  PORT4_IRQHandler              
00000f07  PORT5_IRQHandler              
00000f07  PORT6_IRQHandler              
00000f07  PSS_IRQHandler                
00000ca1  PWM_Duty1                     
00000cb5  PWM_Duty2                     
00000c1d  PWM_Init12                    
00000f07  PendSV_Handler                
2000000c  Postwait                      
20000004  Prewait                       
00000f07  RTC_C_IRQHandler              
000005d3  Reflectance_End               
00000411  Reflectance_Init              
000004ed  Reflectance_Position          
0000047b  Reflectance_Read              
000005a3  Reflectance_Start             
00000efb  Reset_Handler                 
00000f07  SVC_Handler                   
20000020  Spt                           
00000eb9  StartCritical                 
00000aa7  SysTick_Handler               
00000aa7  SysTick_Handler               
00000e39  SysTick_Init                  
20000018  SystemCoreClock               
000000e5  SystemCoreClockUpdate         
00000359  SystemInit                    
00000f07  T32_INT1_IRQHandler           
00000f07  T32_INT2_IRQHandler           
00000f07  T32_INTC_IRQHandler           
00000f07  TA0_0_IRQHandler              
00000f07  TA0_N_IRQHandler              
00000f07  TA1_0_IRQHandler              
00000f07  TA1_N_IRQHandler              
00000f07  TA2_0_IRQHandler              
00000f07  TA2_N_IRQHandler              
00000f07  TA3_0_IRQHandler              
00000f07  TA3_N_IRQHandler              
00000f07  UsageFault_Handler            
4000480c  WDTCTL_SYM                    
00000f07  WDT_A_IRQHandler              
00000ecb  WaitForInterrupt              
20010000  __STACK_END                   
00000200  __STACK_SIZE                  
00000ff8  __TI_CINIT_Base               
00001008  __TI_CINIT_Limit              
00000fe0  __TI_Handler_Table_Base       
00000fec  __TI_Handler_Table_Limit      
00000df5  __TI_auto_init_nobinit_nopinit
00000d8d  __TI_decompress_lzss          
00000eed  __TI_decompress_none          
ffffffff  __TI_pprof_out_hndl           
ffffffff  __TI_prof_data_size           
ffffffff  __TI_prof_data_start          
00000000  __TI_static_base__            
00000ed1  __TI_zero_init_nomemset       
00000cf1  __aeabi_memcpy                
00000cf1  __aeabi_memcpy4               
00000cf1  __aeabi_memcpy8               
ffffffff  __binit__                     
ffffffff  __c_args__                    
UNDEFED   __mpu_init                    
2000fe00  __stack                       
20000000  __start___llvm_prf_cnts       
20000000  __stop___llvm_prf_cnts        
00000e79  _c_int00_noargs               
UNDEFED   _system_post_cinit            
00000f09  _system_pre_init              
00000f0d  abort                         
ffffffff  binit                         
00000755  delay                         
00000f10  fsm                           
00000000  interruptVectors              
000009bd  main                          
00000cf1  memcpy                        
000009e9  motorState                    
20000026  refl_data                     
00000fb0  w                             


GLOBAL SYMBOLS: SORTED BY Symbol Address 

address   name                          
-------   ----                          
00000000  __TI_static_base__            
00000000  interruptVectors              
000000e5  SystemCoreClockUpdate         
00000200  __STACK_SIZE                  
00000359  SystemInit                    
00000411  Reflectance_Init              
0000047b  Reflectance_Read              
000004ed  Reflectance_Position          
000005a3  Reflectance_Start             
000005d3  Reflectance_End               
00000639  Clock_Init48MHz               
0000074f  Clock_GetFreq                 
00000755  delay                         
00000763  Clock_Delay1us                
0000078d  Clock_Delay1ms                
00000819  Motor_Init                    
000008a1  Motor_Stop                    
000008b7  Motor_Forward                 
000008e7  Motor_Right                   
00000921  Motor_Left                    
0000095b  Motor_Backward                
000009bd  main                          
000009e9  motorState                    
00000aa7  SysTick_Handler               
00000aa7  SysTick_Handler               
00000b25  LaunchPad_Init                
00000b95  LaunchPad_Input               
00000bb3  LaunchPad_LED                 
00000bd1  LaunchPad_Output              
00000c1d  PWM_Init12                    
00000ca1  PWM_Duty1                     
00000cb5  PWM_Duty2                     
00000cf1  __aeabi_memcpy                
00000cf1  __aeabi_memcpy4               
00000cf1  __aeabi_memcpy8               
00000cf1  memcpy                        
00000d8d  __TI_decompress_lzss          
00000df5  __TI_auto_init_nobinit_nopinit
00000e39  SysTick_Init                  
00000e79  _c_int00_noargs               
00000ead  DisableInterrupts             
00000eb3  EnableInterrupts              
00000eb9  StartCritical                 
00000ec3  EndCritical                   
00000ecb  WaitForInterrupt              
00000ed1  __TI_zero_init_nomemset       
00000eed  __TI_decompress_none          
00000efb  Reset_Handler                 
00000f07  ADC14_IRQHandler              
00000f07  AES256_IRQHandler             
00000f07  BusFault_Handler              
00000f07  COMP_E0_IRQHandler            
00000f07  COMP_E1_IRQHandler            
00000f07  CS_IRQHandler                 
00000f07  DMA_ERR_IRQHandler            
00000f07  DMA_INT0_IRQHandler           
00000f07  DMA_INT1_IRQHandler           
00000f07  DMA_INT2_IRQHandler           
00000f07  DMA_INT3_IRQHandler           
00000f07  DebugMon_Handler              
00000f07  Default_Handler               
00000f07  EUSCIA0_IRQHandler            
00000f07  EUSCIA1_IRQHandler            
00000f07  EUSCIA2_IRQHandler            
00000f07  EUSCIA3_IRQHandler            
00000f07  EUSCIB0_IRQHandler            
00000f07  EUSCIB1_IRQHandler            
00000f07  EUSCIB2_IRQHandler            
00000f07  EUSCIB3_IRQHandler            
00000f07  FLCTL_IRQHandler              
00000f07  FPU_IRQHandler                
00000f07  HardFault_Handler             
00000f07  MemManage_Handler             
00000f07  NMI_Handler                   
00000f07  PCM_IRQHandler                
00000f07  PORT1_IRQHandler              
00000f07  PORT2_IRQHandler              
00000f07  PORT3_IRQHandler              
00000f07  PORT4_IRQHandler              
00000f07  PORT5_IRQHandler              
00000f07  PORT6_IRQHandler              
00000f07  PSS_IRQHandler                
00000f07  PendSV_Handler                
00000f07  RTC_C_IRQHandler              
00000f07  SVC_Handler                   
00000f07  T32_INT1_IRQHandler           
00000f07  T32_INT2_IRQHandler           
00000f07  T32_INTC_IRQHandler           
00000f07  TA0_0_IRQHandler              
00000f07  TA0_N_IRQHandler              
00000f07  TA1_0_IRQHandler              
00000f07  TA1_N_IRQHandler              
00000f07  TA2_0_IRQHandler              
00000f07  TA2_N_IRQHandler              
00000f07  TA3_0_IRQHandler              
00000f07  TA3_N_IRQHandler              
00000f07  UsageFault_Handler            
00000f07  WDT_A_IRQHandler              
00000f09  _system_pre_init              
00000f0d  C$$EXIT                       
00000f0d  abort                         
00000f10  fsm                           
00000fb0  w                             
00000fe0  __TI_Handler_Table_Base       
00000fec  __TI_Handler_Table_Limit      
00000ff8  __TI_CINIT_Base               
00001008  __TI_CINIT_Limit              
20000000  ClockFrequency                
20000000  __start___llvm_prf_cnts       
20000000  __stop___llvm_prf_cnts        
20000004  Prewait                       
20000008  CPMwait                       
2000000c  Postwait                      
20000010  IFlags                        
20000014  Crystalstable                 
20000018  SystemCoreClock               
20000020  Spt                           
20000024  Input                         
20000025  Output                        
20000026  refl_data                     
2000fe00  __stack                       
20010000  __STACK_END                   
4000480c  WDTCTL_SYM                    
ffffffff  __TI_pprof_out_hndl           
ffffffff  __TI_prof_data_size           
ffffffff  __TI_prof_data_start          
ffffffff  __binit__                     
ffffffff  __c_args__                    
ffffffff  binit                         
UNDEFED   __mpu_init                    
UNDEFED   _system_post_cinit            

[131 symbols]
